f0VMRgECAQAAAAAAAAAAAAACAAIAAAABAAELmAAAADQAAJFQAAAAAAA0ACAABQAo
ABoAFwAAAAYAAAA0AAEANAAAAAAAAACgAAAAoAAAAAUAAAAAAAAAAwAAANQAAAAA
AAAAAAAAABEAAAAAAAAABAAAAAAAAAABAAAAAAABAAAAAAAAAAAkAwAAJAMAAAAF
AAEAAAAAAAEAACQEAAIkBAAAAAAAAAHMAAADPAAAAAcAAQAAAAAAAgAAJAgAAiQI
AAAAAAAAAIgAAAAAAAAABwAAAAAvdXNyL2xpYi9sZC5zby4xAAAAAAAAAEMAAABS
AAAAQgAAAAAAAAAAAAAAAAAAADUAAAAvAAAAAAAAAE0AAAAAAAAASwAAAEAAAAAy
AAAAOAAAABwAAAA+AAAAPQAAAAAAAAAAAAAAAAAAAAAAAAAAAAAAAAAAADkAAAAA
AAAAJQAAAEYAAABMAAAAAAAAAAAAAAAoAAAAAAAAAAAAAAAAAAAAJAAAAAAAAAAe
AAAAAAAAAD8AAAAuAAAAAAAAAAAAAAA7AAAAAAAAAAAAAAAAAAAATgAAAAAAAAA2
AAAAAAAAAAAAAAAAAAAAPAAAAEMAAAAAAAAAHwAAAEQAAABQAAAAUQAAAAAAAAAn
AAAANwAAAE8AAABIAAAAIAAAAC0AAAApAAAASgAAAAAAAAAAAAAAAAAAAAAAAAAA
AAAAAAAAAAAAAAAAAAAAAAAAAAAAAAAAAAAAAAAAAAAAAAAAAAAAAAAAAAAAAAAA
AAAAAAAAAAAAAAAAAAAAAAAAAAAAAAAAAAAAAAAAAAAAAAAAAAAAAAAAAAAAAAAA
AAAAAAAAAAAAAAAAAAAAAAAAAAAAAAAAAAAAAAAAAAAAAAAAAAAAAAAAAB0AAAAi
AAAAAAAAAAAAAAAhAAAAKgAAABsAAAAAAAAAAAAAAAAAAAAAAAAAAAAAAAAAAAAz
AAAAAAAAAAAAAAAAAAAAAAAAAAAAAAAAAAAAAAAAAAAAAAAaAAAAMQAAADAAAAAA
AAAAJgAAAAAAAAAAAAAAAAAAACsAAAA6AAAAAAAAACMAAABFAAAAAAAAAAAAAAAs
AAAANAAAAAAAAABJAAAAQQAAAEcAAAAAAAAAAAAAAAAAAAAAAAAAAAABANQAAAAA
AwAAAQAAAAAAAQDoAAAAAAMAAAIAAAAAAAEDRAAAAAADAAADAAAAAAABCGQAAAAA
AwAABAAAAAAAAQqQAAAAAAMAAAUAAAAAAAEKqAAAAAADAAAGAAAAAAABC5gAAAAA
AwAABwAAAAAAAR9kAAAAAAMAAAgAAAAAAAEgAAAAAAADAAAJAAAAAAABIAwAAAAA
AwAACgAAAAAAASAUAAAAAAMAAAsAAAAAAAEgIAAAAAADAAAMAAAAAAACJAQAAAAA
AwAADQAAAAAAAiQIAAAAAAMAAA4AAAAAAAIkkAAAAAADAAAPAAAAAAACJbQAAAAA
AwAAEAAAAAAAAiXQAAAAAAMAABEAAAAAAAAAAAAAAAADAAASAAAAAAAAAAAAAAAA
AwAAEwAAAAAAAAAAAAAAAAMAABQAAAAAAAAAAAAAAAADAAAVAAAAAAAAAAAAAAAA
AwAAFgAAAAAAAAAAAAAAAAMAABcAAAAAAAAAAAAAAAADAAAYAAAAAAAAAAAAAAAA
AwAAGQAAAAEAAR5UAAAALBIAAAcAAAAIAAEgFAAAAAARAAALAAAAFgABC5gAAAB0
EgAABwAAAB0AAiWkAAAAABIAAAAAAAAiAAIl8AAAAAQRAAARAAAALwABIAwAAAAA
EQAACgAAAD0AAiVoAAAAABIAAAAAAABGAAIl9AAAAAQRAAARAAAATwACJ0AAAAAA
EQD/8QAAAFQAAiX4AAABQCEAABEAAABZAAIlLAAAAAASAAAAAAAAYgACJAQAAAAA
EQD/8QAAAHgAAiTAAAAAABIAAAAAAAB/AAIkzAAAAAASAAAAAAAAhAACJXQAAAAA
EgAAAAAAAI0AAiXEAAAABBEAABAAAACUAAEfZAAAAJwSAAAIAAAAmgACJVAAAAAA
EgAAAAAAAKAAAR7YAAAATBIAAAcAAACqAAIk/AAAAAASAAAAAAAAsQACJYAAAAAA
EgAAAAAAALgAARWUAAAIwBIAAAcAAADJAAIkCAAAAAARAP/xAAAA0gACJbQAAAAE
EQAAEAAAAOcAAiWMAAAAABIAAAAAAADvAAIk8AAAAAASAAAAAAAA9gACJfgAAAFA
EQAAEQAAAPwAAiTYAAAAABIAAAAAAAECAAIl9AAAAAQhAAARAAABCgACJzgAAAAE
EQAAEQAAARAAARKQAAABFBIAAAcAAAEWAAIlvAAAAAQRAAAQAAABHQACJUQAAAAA
EgAAAAAAASMAAiU4AAAAABIAAAAAAAEoAAIluAAAAAQRAAAQAAABLwACJQgAAAAA
EgAAAAAAATYAAiXAAAAABBEAABAAAAE9AAIkkAAAAAARAP/xAAABVwACJdAAAAAA
EQD/8QAAAV4AAiUUAAAAABIAAAAAAAFkAAEfJAAAADwSAAAHAAABdgABIBAAAAAA
EQAACgAAAYMAASQDAAAAABEA//EAAAGKAAEgIAAAAAQRAAAMAAABlwACJVwAAAAA
EgAAAAAAAZ4AAQwMAAAAABIAAAcAAAGwAAEegAAAACwSAAAHAAABvAABIBgAAAAA
EQAACwAAAckAAQz4AAABrBIAAAcAAAHOAAInPAAAAAQRAAARAAAB4gACJcgAAAAE
EQAAEAAAAfEAAiUgAAAAABIAAAAAAAH6AAIlmAAAAAASAAAAAAACAQABIAAAAAAM
EgAACQAAAgcAAiTkAAAAABIAAAAAAAIPAAEerAAAACwSAAAHAGdldG9wdABfX0RU
T1JfTElTVF9fAF9zdGFydAByZWFkAHByb2dyYW1fbmFtZQBfX0NUT1JfTElTVF9f
AHZmcHJpbnRmAF9lbnZpcm9uAF9lbmQAX2lvYgBfX2Zsc2J1ZgBfR0xPQkFMX09G
RlNFVF9UQUJMRV8AYXRleGl0AGV4aXQAc3RyZXJyb3IAb3B0b3B0AF9pbml0AC51
cmVtAHNhZmVfcmVhZABmY2xvc2UAZ2V0ZW52AF9nZXRvcHRfaW50ZXJuYWwAX0RZ
TkFNSUMAZXJyb3JfcHJpbnRfcHJvZ25hbWUAc3RybmNtcABwcmludGYAX19pb2IA
X2V4aXQAZW52aXJvbgBlcnJubwBlcnJvcgBvcHRpbmQAY2xvc2UAb3BlbgBvcHRh
cmcAc3RyY21wAG9wdGVycgBfUFJPQ0VEVVJFX0xJTktBR0VfVEFCTEVfAF9lZGF0
YQBmb3BlbgBfX2RvX2dsb2JhbF9kdG9ycwBfX0NUT1JfRU5EX18AX2V0ZXh0AF9s
aWJfdmVyc2lvbgBmZmx1c2gAX19kb19nbG9iYWxfY3RvcnMAZ2V0b3B0X2xvbmcA
X19EVE9SX0VORF9fAG1haW4AZXJyb3JfbWVzc2FnZV9jb3VudAB2ZXJzaW9uX3N0
cmluZwBfX2ZpbGJ1ZgBzdHJsZW4AX2ZpbmkAZnByaW50ZgBnZXRvcHRfbG9uZ19v
bmx5AGxpYmMuc28uMQAAAAACJfQAACETAAAAAAACJfgAADQTAAAAIAACJMAAACYV
AAAAAAACJMwAACcVAAAAAAACJNgAADUVAAAAAAACJOQAAFAVAAAAAAACJPAAADMV
AAAAAAACJPwAAC0VAAAAAAACJQgAAD0VAAAAAAACJRQAAEEVAAAAAAACJSAAAE0V
AAAAAAACJSwAACQVAAAAAAACJTgAADsVAAAAAAACJUQAADoVAAAAAAACJVAAACsV
AAAAAAACJVwAAEYVAAAAAAACJWgAACAVAAAAAAACJXQAACgVAAAAAAACJYAAAC4V
AAAAAAACJYwAADIVAAAAAAACJZgAAE4VAAAAAAACJaQAAB0VAAAAALwQIADgA6BA
ogOgRJwjoCCAkAABAoAABJAQAAFAAEZDAQAAABEAAEiQEiAAQABGPwEAAABAAATm
AQAAAJAQABCSEAARlSwgApQCoASUBEAKFwAAiZYS4fTUIsAAQAAAQQEAAABAAEY0
AQAAAEAARjUBAAAAgcPgCAEAAAARAABI0gIgDICif/8SgAAOlBIgDNACoASAoiAA
AoAACpIQIAARAABIlBIgEJICYAGRKmAC0AIACoCiIAAyv//9kgJgAaCSQAACgAAM
EQAARxEAAEiiEiAMkSwgAtACABGfwgAAAQAAAKCEP/8Sv//8kSwgAhEAAEdAAEYN
kBIjJIHH4AiB6AAAneO/kICmIAACgAAJFQAAiREAAImQEiIYEwAASJISYIBAAEYK
1AKh8DCAAAkTAACJEQAASJASIKhAAEYH0gJh8BEAAEhAAEYEkBIg0EAARfmQEAAY
gcfgCIHoAACd47+QphAgABEAAEOkEiKkEwAAidAGQADQImHwEQAAicAiIdArAABI
KQAASCMAAEMhAABEkBAAGJIQABmUFWIglhUgKEAABFGYECAAgKI//wKAABCAoiBy
Ir//96QUYqQUgAAGgKIgc4CiIAACv//zkBAAGDCAAAMiv//vpBQgpH///8mQECAB
EL//7JAQABgRAACJ0AIh2ICiIAAigAAJEQAAiRMAAIkRAABIkBIiKEAARdLSAmHI
QABFx5AQIADQAiHUgKIgAAKAAAURAACJf///tZAQIAARAACJ0AIhvKKmAAgSgAAL
EQAAiREAAEiQEiI4n8SAAJIQIACAoiAAJoAAGKYQIAEQgAAXEQAAiZIQAAjQAiG8
gKIAGBaAABIRAACJIQAAidACYbyRKiAC0AZACJ/EgACSEAARgKIgACaAAAKmECAB
0AQhvJACIAHQJCG8gKIAGAa///SSEAAQEQAAidACIdCAoiAAAoAADBEAAIlAAEWk
kBIh+ICiP/8SgAAHEwAAiZAQIAHSAmM4FQAASEAAAQGUEqI4QABFjpAQABOBx+AI
gegAAJ3jv5CgECAApBAgAJAQABgTAABIQABFlJISYjiAoiAAAoAACpAQABgTAABI
QABFkZISYkCikgAAEoAACikAACAQgABFEwAAiREAAImiEiH4EwAAiZAQIAHQImHQ
KQAAIBEAAD+mEiP/0ARAAJACP/+AoiAAFoAABtAkQABAAEWAkBAAERCAAAaSEAAI
0gRgBJACYAHQJGAE0gpAAICif/8CgAALgIwgAQKAAAWkBKABkTQgARCAAAOgAgAU
oTQgAaAEAAkQv//poAwAE9AMYAyAiiAgAoAAE5AQIAATAACJ0gJjOBUAAEiUEqJI
QAAAwJYQABiQEAAYEwAASEAARVqSEmI4gKIgAAKAADywED//QABFUpAQABEQgAA4
sBA//5AQABgTAABIQABFT5ISYjiAoiAAAoAAEJSEo/9AAEVHkBAAEYCiP/8SgAAL
lISj/xMAAImQECAA0gJjOBUAAEiUEqJIQAAAopYQABgQgAAjsBA//yyAAAKUBKf+
EQAASJASIlCSEAAQQABFMZU6oAqApmABBIAABREAAEiQEiJgQABFK5IQABgTAACJ
lBJiCNACYgiQAj//gKIgABaAAAfQImIIkBAgCkAARTCSEAAKEIAACrAQIAARAACJ
kBIiCNQCIASSAqAB0iIgBJAQIArQKoAAsBAgAIHH4AiB6AAAAz//94IQY5Cd44AB
ohAgAKgQIACQEAAYEwAASEAARRKSEmI4gKIgAAKAAAqQEAAYQABFGZIQIACmEAAI
gKT//xKAAAklP//4EIAAOhMAAImmECAAEwAAiZAQIAHQImHQJT//+KAHv/CQEAAT
kgQAEkAAA3EVAAAIlJIAAASAAA2SECAAgKJACja///ioBQAKkAQACdAKABKSAmAB
gKJACga///yiBEAIEL//8KgFAAoWgAAUkBAAGBMAAImQECAA0gJjOBUAAEiUEqJI
QAAASJYQABiQEAAYEwAASEAAROKSEmI4gKIgAAKAAD+wED//QABE7JAQABMQgAA7
sBA//xMAAEhAAETYkhJiOICiIAACgAAQEwAAP0AAROKQEAATgKI//xKAAAsTAAA/
EwAAiZAQIADSAmM4FQAASJQSokhAAAArlhAAGBCAACewED//kBAAEUAARNaSEmP/
lIUh/xyAAAOSEAAIlAUj/hEAAEiQEiJoQABEtpU6oAmApmAAAoAABREAAEiQEiJg
QABEsJIQABgTAACJlBJiCNACYgiQAj//gKIgABaAAAfQImIIkBAgCkAARLWSEAAK
EIAACrAQIAARAACJkBIiCNQCIASSAqAB0iIgBJAQIArQKoAAsBAgAIHH4AiB6AAA
neO/kPYnoFD4J6BU+iegWBEAAInQAiG0gKIgACKAAAYRAACJn8IAADcAAIkQgAAN
kBbiGEAARKaQEiIIFQAAiREAAImQEiIYEwAASJISYnBAAESB1AKh8DcAAImQFuIY
khAAGkAARJ2UB6BQEwAAidACYzyQAiABgKZgAAKAAAnQImM8QABEmJAQABmUEAAI
kBbiGBMAAEhAAERvkhJieBMAAImUEmIY0AJiGJACP/+AoiAAFoAAB9AiYhiQECAK
QABEd5IQAAoQgAAKEQAAiREAAImQEiIY1AIgBJICoAHSIiAEkBAgCtAqgAARAACJ
QABEd5ASIhiApiAAAoAABAEAAABAAEROkBAAGIHH4AiB6AAAxAoAAICgoAACgAAM
hhAAAoUo4BiFOKAYgKCACQKAAAgBAAAAkAIgAcRKAACAoKAAEr//+MYKAACQECAA
gcPgCAEAAACd47+QthAAGAUAAInCAKHoBQAAifoAoewFAACJyAChvIChAB0EgAAt
gKdAAQSAACuEIQAdhidAAYCggAMEgAAVuBAAA7IQIACApkAcNr//9YghAByEJ0AB
niEAArAAQBmxLiAC9AbAGIYDwBmHKOACxAbAA8QmwBiyBmABgKZAHAa///f0JsAD
EL//5oghABy4IQAdshAgAICmQBw2v//hggBAHLAAQBmxLiAC9AbAGIYHQBmHKOAC
xAbAA8QmwBiyBmABgKZAHAa///f0JsADEL//1IIAQBw1AACJBQAAiTMAAInwAKG8
xAZh7IQmAALGBqHohACAA8QmoejwJmHsgcfgCIHoAACd47+QFwAAiRUAAIkTAACJ
kBAgAdAiYbzQIqHs0CLh6BEAAInAIiHcEQAASEAARBmQEiKAEwAAidAiYeTQTgAA
gKIgLRKAAAeAoiArEwAAiZAQIALQImHgEIAAEbAGIAESgAAGEQAAiREAAInAIiHg
EIAAC7AGIAHQAiHkgKIgAAKAAAQRAACJEIAABcAiIeATAACJkBAgAdAiYeCBx+AI
gegAAJ3jv5ARAACJwCIhuCEAAInQBCG8gKIgABKAAAesEAAYf///z5AQABq0EAAI
kBAgAdAkIbwRAACJ0AIh3ICiIAAigAAHEQAAidBKAACAoiAAEoAAm4Cm4AARAACJ
0AIh4ICiIAESgAAvIQAAiREAAIkTAACJ0AIh6NICYeyAogAJAoAAChEAAInQAiG8
gKJACAKAAAcRAACJf///b5AQABkQgAAOFQAAiREAAIkTAACJ0AIh7NICYbyAogAJ
AoAAAxEAAInSIiHoEIAABBUAAImQAiAB0CKhvNACobyAogAWFoAAC5EqIALSBkAI
0EpAAICiIC0Sv//30AKhvNBKYAGAoiAAAr//89ACobwRAACJEwAAidICYbzSIiHs
IQAAidAEIbyAogAWAoAAJ5EqIALQBkAIEwAASEAAQ4+SEmKQgKIgABKAACEXAACJ
0AQhvJQCIAHUJCG8EQAAiRMAAInQAiHo0gJh7ICiAAkCgAAIgKJACgKAAAcVAACJ
f///NpAQABkQgAANEQAAiRUAAIkRAACJ0gKh6NACIeyAokAIEoAABhEAAIkRAACJ
0AIhvNAioegRAACJ7CIh7BEAAInsIiG8FwAAidAC4byAogAWEoAACxEAAIkRAACJ
EwAAidQCIejQAmHsgKKACDKAABTUIuG8EIABsbAQP//QAiG8kSogAtIGQAjQSkAA
gKIgLRKAAAcRAACJ0EpgAYCiIAASgAAWEQAAiREAAInQAiHggKIgABKAAAQXAACJ
EIABn7AQP/8VAACJ0AKhvJICIAHSIqG8kSogAtAGQAjQIuG4EIABlrAQIAGmEAAb
rhAAEhCAAFWwECABlBIh3BEAAInQAiG8kyogAoCm4AACgAAHkBAgANAGQAnQSiAB
kBogLYCgAAiQYD//kAIgAdIGQAmQAgAJ0CKAAICm4AACgAEPEQAAidACIbyRKiAC
0AZACNJKIAGAomAtAoAADqYQIACAp2AAAoABBiEAAInQSiACgKIgABKAAAiwECAA
f//+xZAQABqAoiAAEoAA/SEAAImwECAAqhAgABEAAIniAiHc0AxAAICiIAACgAAK
khAACICiYD0igAAI0AbAAKIEYAHQTEAAgKIgABK///rSDEAA0AbAAICiIAACgAAb
pBAgACkAAInUBSHc0AbAAJIQAApAAEMilCRACoCiIAAygAAOtgbgEOAFIdygJEAQ
QABDHtAGwACApAAIAr//tICk4AAygAAEqhAgAaYQABuuEAAStgbgENAGwACAoiAA
Er//6qQEoAGApWAAAoAAGYCmIAASgAAYgKTgABEAAInQAiHAgKIgAAKAAAwhAACJ
EQAAidYCIbyXKuACEQAAiZASIhgTAABIkhJimNQGQABAAELR1gZAC0AAQvzQBCHc
0gQh3JACAAkQgACv0CQh3ICk4AACgAB2EQAAidICIbySAmAB0iIhvNBMQACAoiAA
AoAAM6QQABfQBOAEgKIgAAKAAAUTAACJkARgARCAAFbQImG4EQAAidACIcCAoiAA
AoAAHxEAAInQAiG8kSogApACABnQAj/80EogAYCiIC0SgAALEQAAiREAAImQEiIY
EwAASJISYrjUBkAAQABCptYEwAAQgAAPIQAAidACIbyRKiACkAIAGdYCP/wRAACJ
kBIiGBMAAEiSEmLo1AZAANZKwABAAEKY2ATAACEAAIlAAELC0AQh3NIEIdyQAgAJ
0CQh3BCAAOqwECA/0ATgBICiIAESgAApIQAAiRcAAInUAuG8gKKAFhaAAAkRAACJ
EwAAiZACoAHQIuG8kSqgAtAGQAgQgAAd0CJhuNACIcCAoiAAAoAADSEAAIkRAACJ
1gIhvJcq4AKWAsAZEQAAiZASIhgTAABIkhJjGNQGQABAAEJx1gL//EAAQpzQBCHc
0gQh3JACAAnQJCHc0E6AAICiIDoSgADCsBAgPxCAAMCwECA6IQAAiUAAQpDQBCHc
0gQh3JACAAmApyAAAoAAA9AkIdzkJwAA0gTgCICiYAACgAAFsBAgANAE4AwQgACw
0CJAABCAAK7wBOAMgKdgAAKAAA/QAiG8kSogAtAGQAjQSiABgKIgLQKAAAkRAACJ
0gIh3JAQABp///330kpAAICiIAASgAAvIQAAiREAAInQAiHAgKIgAAKAAB8RAACJ
0AIhvJEqIALQBkAI0EogAYCiIC0SgAAMEQAAiRcAAIkRAACJkBIiGBMAAEiSEmNA
1AZAAEAAQjDWAuHcEIAADxMAAInQAiG8kSogAtYGQAgZAACJEQAAiZASIhgTAABI
khJjYNQGQADWSsAAQABCItgDIdwTAACJEQAASJASI4DQImHcEwAAidACYbyQAiAB
0CJhvBCAAHKwECA/IQAAidIEIdyQAmAB0CQh3PAKQACQEAAaf//9wNJKQACUEAAI
0AQh3NBKAACAoiAAEoAABoCioAATAACJ0AJhvJACIAHQImG8AoAABREAAImApiA6
MoAAHNBKoAHQAiHAgKIgAAKAABIRAACJ0AIh5ICiIAACgAAHly4gGBEAAImQEiIY
EwAASBCAAAaSEmOIEQAAiZASIhgTAABIkhJjqNQGQABAAEHtlzrgGBMAAImRLiAY
kTogGNAiYcQQgABBsBAgP4CiIDoygAA9sS4gGNBKoAKAoiA6EoAACREAAInSAiHc
0EpAAICiIAASgAAJEQAAiRCAAC/AIiG40gIh3NBKQACAoiAAAoAACBEAAInSIiG4
EwAAidACYbyQAiABEIAAJNAiYbwRAACJ0AIhvICiABYSgAAYFwAAiREAAInQAiHA
gKIgAAKAAAkRAACJly4gGJASIhgTAABIkhJjyNQGQABAAEG9lzrgGBEAAImTLiAY
kzpgGNIiIcTQToAAgKIgOhKAAAuwECA/EIAACbAQIDoVAACJ0AKhvJICIAHSIqG8
kSogAtAGQAjQIuG4EQAAicAiIdyxLiAYsT4gGIHH4AiB6AAAneO/kJAQABiSEAAZ
lBAAGpYQIACYECAAf//9ypoQIACwEAAIgcfgCIHoAACd47+QkBAAGJIQABmUEAAa
lhAAG5gQABx///2/mhAgALAQAAiBx+AIgegAAJ3jv5CQEAAYkhAAGZQQABqWEAAb
mBAAHH///bSaECABsBAACIHH4AiB6AAAneO/kICmoAAUgAAEoBAAGBCAAA2wEAAa
IwAAiZAQABCSEAAZQABBqpQQABqwkgAAFoAABdAEYziAoiAEAr//+ZAQABCBx+AI
gegAAJ3jv5ARAABI0gIgGICiYAACgAAJoBIgGNAEAACfwgAAoAQgBNAEAACAoiAA
Er//+wEAAACBx+AIgegAAJ3jv5Cd47+ggegAAJ3jv5ARAABI0gIgDICif/8SgAAO
lBIgDNACoASAoiAAAoAACpIQIAARAABIlBIgEJICYAGRKmAC0AIACoCiIAAyv//9
kgJgAaCSQAACgAAMEQAARxEAAEiiEiAMkSwgAtACABGfwgAAAQAAAKCEP/8Sv//8
kSwgAhEAAEdAAEE2kBIjJIHH4AiB6AAAgcfgCIHoAACd47+ggcfgCIHoAAD/////
AAAAAP////8AAAAAAAAAAAAAAAEAAAAAAAEgeAAAAAAAAAAAAAAAcwABIHAAAAAA
AAIl1AAAAAEAASBoAAAAAAACJdgAAAABAAAAAAAAAAAAAAAAAAAAAHZlcnNpb24A
aGVscAAAAABzeXN2AAAAAFRyeSBgJXMgLS1oZWxwJyBmb3IgbW9yZSBpbmZvcm1h
dGlvbi4KAABVc2FnZTogJXMgW09QVElPTl0uLi4gW0ZJTEVdLi4uCgAAAAAAAAAA
UHJpbnQgY2hlY2tzdW0gYW5kIGJsb2NrIGNvdW50cyBmb3IgZWFjaCBGSUxFLgoK
ICAtciAgICAgICAgICAgICAgZGVmZWF0IC1zLCB1c2UgQlNEIHN1bSBhbGdvcml0
aG0sIHVzZSAxSyBibG9ja3MKICAtcywgLS1zeXN2ICAgICAgdXNlIFN5c3RlbSBW
IHN1bSBhbGdvcml0aG0sIHVzZSA1MTIgYnl0ZXMgYmxvY2tzCiAgICAgIC0taGVs
cCAgICAgIGRpc3BsYXkgdGhpcyBoZWxwIGFuZCBleGl0CiAgICAgIC0tdmVyc2lv
biAgIG91dHB1dCB2ZXJzaW9uIGluZm9ybWF0aW9uIGFuZCBleGl0CgpXaXRoIG5v
IEZJTEUsIG9yIHdoZW4gRklMRSBpcyAtLCByZWFkIHN0YW5kYXJkIGlucHV0LgoA
cnMAAAAAAABzdW0gLSAlcwoAAAAAAAAALQAAAAAAAAByAAAAAAAAACVzAAAAAAAA
JTA1bHUgJTVsZAAAAAAAACAlcwAAAAAAJWx1ICVsZAAlczogAAAAADogJXMAAAAA
UE9TSVhMWV9DT1JSRUNUAC0tAAAAAAAAJXM6IG9wdGlvbiBgJXMnIGlzIGFtYmln
dW91cwoAAAAlczogb3B0aW9uIGAtLSVzJyBkb2Vzbid0IGFsbG93IGFuIGFyZ3Vt
ZW50CgAAAAAlczogb3B0aW9uIGAlYyVzJyBkb2Vzbid0IGFsbG93IGFuIGFyZ3Vt
ZW50CgAAAAAlczogb3B0aW9uIGAlcycgcmVxdWlyZXMgYW4gYXJndW1lbnQKAAAA
JXM6IHVucmVjb2duaXplZCBvcHRpb24gYC0tJXMnCgAlczogdW5yZWNvZ25pemVk
IG9wdGlvbiBgJWMlcycKAAAAAAAAAAAAJXM6IGlsbGVnYWwgb3B0aW9uIC0tICVj
CgAAAAAAAAAlczogaW52YWxpZCBvcHRpb24gLS0gJWMKAAAAAAAAACVzOiBvcHRp
b24gcmVxdWlyZXMgYW4gYXJndW1lbnQgLS0gJWMKAABHTlUgdGV4dHV0aWxzIDEu
MTMAAAACJAgAAAABAAACIAAAAAwAAR9kAAAADQABIAAAAAAEAAEA6AAAAAUAAQhk
AAAACgAAAioAAAAGAAEDRAAAAAsAAAAQAAAAFQAAAAAAAAADAAIkkAAAAAIAAADw
AAAAFAAAAAcAAAAXAAEKqAAAAAcAAQqQAAAACAAAAQgAAAAJAAAADAAAAAAAAAAA
AAAAAAAAAAAAAAAAAAAAAAAAAAAAAAAAAAAAAAAAAAAAAAAAAAAAAAAAAAAAAAAA
AwAAMDC///MBAAAAAwAAPDC///ABAAAAAwAASDC//+0BAAAAAwAAVDC//+oBAAAA
AwAAYDC//+cBAAAAAwAAbDC//+QBAAAAAwAAeDC//+EBAAAAAwAAhDC//94BAAAA
AwAAkDC//9sBAAAAAwAAnDC//9gBAAAAAwAAqDC//9UBAAAAAwAAtDC//9IBAAAA
AwAAwDC//88BAAAAAwAAzDC//8wBAAAAAwAA2DC//8kBAAAAAwAA5DC//8YBAAAA
AwAA8DC//8MBAAAAAwAA/DC//8ABAAAAAwABCDC//70BAAAAAwABFDC//7oBAAAA
AQAAAAAAAAAAAAAAAAAAAAAAAAEAAAA/AAEj8AAAAAAAAAAAAAAAAAAAAAAAAAAA
AAAAAQAAAAAAAAAABAD/8QAAAAAAAQDUAAAAAAMAAAEAAAAAAAEA6AAAAAADAAAC
AAAAAAABA0QAAAAAAwAAAwAAAAAAAQhkAAAAAAMAAAQAAAAAAAEKkAAAAAADAAAF
AAAAAAABCqgAAAAAAwAABgAAAAAAAQuYAAAAAAMAAAcAAAAAAAEfZAAAAAADAAAI
AAAAAAABIAAAAAAAAwAACQAAAAAAASAMAAAAAAMAAAoAAAAAAAEgFAAAAAADAAAL
AAAAAAABICAAAAAAAwAADAAAAAAAAiQEAAAAAAMAAA0AAAAAAAIkCAAAAAADAAAO
AAAAAAACJJAAAAAAAwAADwAAAAAAAiW0AAAAAAMAABAAAAAAAAIl0AAAAAADAAAR
AAAAAAAAAAAAAAAAAwAAEgAAAAAAAAAAAAAAAAMAABMAAAAAAAAAAAAAAAADAAAU
AAAAAAAAAAAAAAAAAwAAFQAAAAAAAAAAAAAAAAMAABYAAAAAAAAAAAAAAAADAAAX
AAAAAAAAAAAAAAAAAwAAGAAAAAAAAAAAAAAAAAMAABkAAAAFAAAAAAAAAAAEAP/x
AAAADAAAAAAAAAAABAD/8QAAABgAAAAAAAAAAAQA//EAAAAjAAEfbAAAAAACAAAI
AAAAOQABDAwAAAAAAAAABwAAAEgAAiW0AAAAAAEAABAAAABWAAAAAAAAAAAEAP/x
AAAAXAACJdgAAAAEAQAAEQAAAGkAASAoAAAAQAEAAAwAAAByAAIl1AAAAAQBAAAR
AAAAfAABDqQAAAIAAgAABwAAAIkAAQycAAAAXAIAAAcAAACPAAIl0AAAAAQBAAAR
AAAAnwABEKQAAAHsAgAABwAAAK0AAAAAAAAAAAQA//EAAAC1AAAAAAAAAAAEAP/x
AAAAvgACJeQAAAAEAQAAEQAAAM4AAiXoAAAABAEAABEAAADbAAIl4AAAAAQBAAAR
AAAA5AABE+gAAAEIAgAABwAAAO0AAROkAAAARAIAAAcAAAD2AAIl7AAAAAQBAAAR
AAABAgABFPAAAACkAgAABwAAARUAAiXcAAAABAEAABEAAAEeAAAAAAAAAAAEAP/x
AAABKAAAAAAAAAAABAD/8QAAATQAAAAAAAAAAAQA//EAAAE+AAAAAAAAAAAEAP/x
AAABSAAAAAAAAAAABAD/8QAAAVMAAR9gAAAAAAIAAAcAAAFpAAEfYAAAAAAAAAAH
AAABeAACJcwAAAAAAQAAEAAAAYYAAAAAAAAAAAQA//EAAAGNAAEeVAAAACwSAAAH
AAABlAABIBQAAAAAEQAACwAAAaIAAQuYAAAAdBIAAAcAAAGpAAIlpAAAAAASAAAA
AAABrgACJfAAAAAEEQAAEQAAAbsAASAMAAAAABEAAAoAAAHJAAIlaAAAAAASAAAA
AAAB0gACJfQAAAAEEQAAEQAAAdsAAidAAAAAABEA//EAAAHgAAIl+AAAAUAhAAAR
AAAB5QACJSwAAAAAEgAAAAAAAe4AAiQEAAAAABEA//EAAAIEAAIkwAAAAAASAAAA
AAACCwACJMwAAAAAEgAAAAAAAhAAAiV0AAAAABIAAAAAAAIZAAIlxAAAAAQRAAAQ
AAACIAABH2QAAACcEgAACAAAAiYAAiVQAAAAABIAAAAAAAIsAAEe2AAAAEwSAAAH
AAACNgACJPwAAAAAEgAAAAAAAj0AAiWAAAAAABIAAAAAAAJEAAEVlAAACMASAAAH
AAACVQACJAgAAAAAEQD/8QAAAl4AAiW0AAAABBEAABAAAAJzAAIljAAAAAASAAAA
AAACewACJPAAAAAAEgAAAAAAAoIAAiX4AAABQBEAABEAAAKIAAIk2AAAAAASAAAA
AAACjgACJfQAAAAEIQAAEQAAApYAAic4AAAABBEAABEAAAKcAAESkAAAARQSAAAH
AAACogACJbwAAAAEEQAAEAAAAqkAAiVEAAAAABIAAAAAAAKvAAIlOAAAAAASAAAA
AAACtAACJbgAAAAEEQAAEAAAArsAAiUIAAAAABIAAAAAAALCAAIlwAAAAAQRAAAQ
AAACyQACJJAAAAAAEQD/8QAAAuMAAiXQAAAAABEA//EAAALqAAIlFAAAAAASAAAA
AAAC8AABHyQAAAA8EgAABwAAAwIAASAQAAAAABEAAAoAAAMPAAEkAwAAAAARAP/x
AAADFgABICAAAAAEEQAADAAAAyMAAiVcAAAAABIAAAAAAAMqAAEMDAAAAAASAAAH
AAADPAABHoAAAAAsEgAABwAAA0gAASAYAAAAABEAAAsAAANVAAEM+AAAAawSAAAH
AAADWgACJzwAAAAEEQAAEQAAA24AAiXIAAAABBEAABAAAAN9AAIlIAAAAAASAAAA
AAADhgACJZgAAAAAEgAAAAAAA40AASAAAAAADBIAAAkAAAOTAAIk5AAAAAASAAAA
AAADmwABHqwAAAAsEgAABwBzdW0AY3J0aS5zAHZhbHVlcy1YYS5jAGNydHN0dWZm
LmMAX19kb19nbG9iYWxfY3RvcnNfYXV4AGdjYzJfY29tcGlsZWQuAGZvcmNlX3Rv
X2RhdGEAc3VtLmMAc2hvd192ZXJzaW9uAGxvbmdvcHRzAHNob3dfaGVscABic2Rf
c3VtX2ZpbGUAdXNhZ2UAaGF2ZV9yZWFkX3N0ZGluAHN5c3Zfc3VtX2ZpbGUAZXJy
b3IuYwBnZXRvcHQuYwBwb3NpeGx5X2NvcnJlY3QAZmlyc3Rfbm9ub3B0AG9yZGVy
aW5nAGV4Y2hhbmdlAG15X2luZGV4AGxhc3Rfbm9ub3B0AF9nZXRvcHRfaW5pdGlh
bGl6ZQBuZXh0Y2hhcgBnZXRvcHQxLmMAc2FmZS1yZWFkLmMAdmVyc2lvbi5jAGxp
YmdjYzIuYwBjcnRzdHVmZi5jAF9fZG9fZ2xvYmFsX2N0b3JzX2F1eABnY2MyX2Nv
bXBpbGVkLgBmb3JjZV90b19kYXRhAGNydG4ucwBnZXRvcHQAX19EVE9SX0xJU1Rf
XwBfc3RhcnQAcmVhZABwcm9ncmFtX25hbWUAX19DVE9SX0xJU1RfXwB2ZnByaW50
ZgBfZW52aXJvbgBfZW5kAF9pb2IAX19mbHNidWYAX0dMT0JBTF9PRkZTRVRfVEFC
TEVfAGF0ZXhpdABleGl0AHN0cmVycm9yAG9wdG9wdABfaW5pdAAudXJlbQBzYWZl
X3JlYWQAZmNsb3NlAGdldGVudgBfZ2V0b3B0X2ludGVybmFsAF9EWU5BTUlDAGVy
cm9yX3ByaW50X3Byb2duYW1lAHN0cm5jbXAAcHJpbnRmAF9faW9iAF9leGl0AGVu
dmlyb24AZXJybm8AZXJyb3IAb3B0aW5kAGNsb3NlAG9wZW4Ab3B0YXJnAHN0cmNt
cABvcHRlcnIAX1BST0NFRFVSRV9MSU5LQUdFX1RBQkxFXwBfZWRhdGEAZm9wZW4A
X19kb19nbG9iYWxfZHRvcnMAX19DVE9SX0VORF9fAF9ldGV4dABfbGliX3ZlcnNp
b24AZmZsdXNoAF9fZG9fZ2xvYmFsX2N0b3JzAGdldG9wdF9sb25nAF9fRFRPUl9F
TkRfXwBtYWluAGVycm9yX21lc3NhZ2VfY291bnQAdmVyc2lvbl9zdHJpbmcAX19m
aWxidWYAc3RybGVuAF9maW5pAGZwcmludGYAZ2V0b3B0X2xvbmdfb25seQAAAAAB
AAAABQAAAKIAAAANZAAAAAAAAAAAAAAuZAAAAwAAAAAAAABQOAAAAAAAAAAAAACJ
OAAAAAAAAAAAAABFPAAAAAAAAAAAQCgjKVN1bk9TIDUuNCBnZW5lcmljIEp1bHkg
MTk5NAAAYXM6IFNDMy4xIGRldiAwOSBNYXkgMTk5NAoAR0NDOiAoR05VKSAyLjYu
MwAAYXM6IFNDMy4xIGRldiAwOSBNYXkgMTk5NAoAR0NDOiAoR05VKSAyLjYuMwAA
YXM6IFNDMy4xIGRldiAwOSBNYXkgMTk5NAoAR0NDOiAoR05VKSAyLjYuMwAAYXM6
IFNDMy4xIGRldiAwOSBNYXkgMTk5NAoAR0NDOiAoR05VKSAyLjYuMwAAYXM6IFND
My4xIGRldiAwOSBNYXkgMTk5NAoAR0NDOiAoR05VKSAyLjYuMwAAYXM6IFNDMy4x
IGRldiAwOSBNYXkgMTk5NAoAR0NDOiAoR05VKSAyLjYuMwAAYXM6IFNDMy4xIGRl
diAwOSBNYXkgMTk5NAoAR0NDOiAoR05VKSAyLjYuMwAAYXM6IFNDMy4xIGRldiAw
OSBNYXkgMTk5NAoAR0NDOiAoR05VKSAyLjYuMwAAYXM6IFNDMy4xIGRldiAwOSBN
YXkgMTk5NAoAR0NDOiAoR05VKSAyLjYuMwBsZDogKFNHVSkgU3VuT1MvRUxGIChM
Sy0xLjQgKFMvSSkpAAAAAAAAAAEAAAD1AAAR5AAAAAdkAAAAAAEMnAAAAEFkAAAA
AAEMnAAAAEc8AAAAAAAAAAAAAFaAAAAAAAAAAAAAAHiAAAAAAAAAAAAAAIqAAAAA
AAAAAAAAALGAAAAAAAAAAAAAAMqAAAAAAAAAAAAAAOiAAAAAAAAAAAAAASyAAAAA
AAAAAAAAAXCAAAAAAAAAAAAAAY6AAAAAAAAAAAAAAbCAAAAAAAAAAAAAAc2AAAAA
AAAAAAAAAemAAAAAAAAAAAAAAfuAAAAAAAAAAAAAAg6AAAAAAAAAAAAAAieAAAAA
AAAAAAAAAlSAAAAAAAAAAAAAAm+AAAAAAAAAAAAAAouAAAAAAAAAAAAAAq2AAAAA
AAAAAAAAArmAAAAZAAAAAAAAAsOAAAAcAAAAAAAAAs2AAACJAAAAAAAAAyWAAAAA
AAAAAAAAA0yAAAAaAAAAAAAAA16AAAAAAAAAAAAAA4WAAAAcAAAAAAAAA5GAAAAg
AAAAAAAAA5yAAAAeAAAAAAAAA6iAAAAfAAAAAAAAA7SAAAAgAAAAAAAAA76AAAAh
AAAAAAAAA8mAAAAjAAAAAAAAA9iAAAAkAAAAAAAAA+OAAAAlAAAAAAAAA+yAAAAm
AAAAAAAAA/WAAAAoAAAAAAAABACAAAApAAAAAAAABAqAAAAqAAAAAAAABBWAAAAr
AAAAAAAABCCAAAAAAAAAAAAABDyAAAAwAAAAAAAABEqAAAA5AAAAAAAABFiAAAA6
AAAAAAAABGiAAABAAAAAAAAABHSAAABBAAAAAAAABIKAAABaAAAAAAAABMCAAABu
AAAAAAAABQCAAABxAAAAAAAABQ6AAAB7AAAAAAAABRaAAACEAAAAAAAABSGAAACF
AAAAAAAABSyAAACKAAAAAAAABTWAAACXAAAAAAAABUGAAACYAAAAAAAABUyAAACZ
AAAAAAAABVeAAACaAAAAAAAABWKAAACbAAAAAAAABW+AAACcAAAAAAAABXqAAACd
AAAAAAAABYWAAACiAAAAAAAABY6AAACjAAAAAAAABZiAAACnAAAAAAAABaGAAACq
AAAAAAAABaqAAACrAAAAAAAABbWAAACsAAAAAAAABb6AAACtAAAAAAAABceAAACu
AAAAAAAABdCAAAC6AAAAAAAABduAAADAAAAAAAAABeWAAADFAAAAAAAABfCAAADK
AAAAAAAABf2AAADPAAAAAAAABgiAAADVAAAAAAAABhOAAADWAAAAAAAABh2AAADX
AAAAAAAABiWAAADYAAAAAAAABi6AAAD9AAAAAAAABjqAAAEHAAAAAAAABkWAAAEI
AAAAAAAABlCAAAEJAAAAAAAABlmAAAEKAAAAAAAABmOAAAAAAAAAAAAABoeAAAEL
AAAAAAAABpCAAAAAAAAAAAAABr6AAAAAAAAAAAAABviAAAAAAAAAAAAABzGAAAAA
AAAAAAAAB2CAAACPAAAAAAAAB2+AAACRAAAAAAAAB3+AAAAAAAAAAAAAB7mAAACm
AAAAAAAAB8qAAACsAAAAAAAAB9aAAAAAAAAAAAAACHSAAAAAAAAAAAAACKqAAAAA
AAAAAAAACPmAAAAAAAAAAAAACwqAAACrAAAAAAAACxiAAAAAAAAAAAAADNSAAADi
AAAAAAAADOSAAAAAAAAAAAAADUuAAADqAAAAAAAADVqAAAAjAAAAAAAADWWAAAAA
AAAAAAAADZSAAAArAAAAAAAADZ+AAAAAAAAAAAAADeyAAAAAAAAAAAAAD0yAAAAb
AAAAAAAAD3KAAAAgAAAAAAAAD5mAAAAmAAAAAAAAD8KAAABDAAAAAAAAD82AAAAA
AAAAAAAAEFOAAABvAAAAAAAAEF8mAAAzAAEgKAAAEHgkAAA9AAEMnAAAEIJAAAA9
AAAAGAAAAABEAAA+AAAAAAAAAABEAAA/AAAABAAAAABEAABAAAAAEAAAAABEAABE
AAAALAAAAABEAABIAAAAQAAAAABEAABTAAAATAAAAABEAABUAAAAVAAAEIwkAABY
AAEM+AAAEJVAAABYAAAAGAAAEJ1AAABZAAAAGQAAAABEAABaAAAAAAAAAABEAABb
AAAABAAAAABEAABeAAAACAAAAABEAABgAAAAEAAAAABEAABhAAAAHAAAAABEAABj
AAAAJAAAAABEAABlAAAAWAAAAABEAABzAAAAgAAAAABEAAB1AAAAiAAAAABEAAB3
AAAAkAAAAABEAAB5AAAApAAAAABEAAB6AAAAuAAAAABEAAB9AAAAwAAAAABEAAB+
AAAA0AAAAABEAACAAAAA2AAAAABEAACBAAAA4AAAAABEAACDAAAA7AAAAABEAACF
AAABCAAAAABEAACHAAABEAAAAABEAACIAAABKAAAAABEAACHAAABSAAAAABEAACL
AAABYAAAAABEAACMAAABiAAAAABEAACNAAABnAAAAABEAACOAAABpAAAEKpAAABb
AAAAEwAAELRAAABcAAAACAAAELxAAABdAAAAEQAAEMtAAABeAAAAEgAAAADAAAAA
AAAABAAAAADgAAAAAAABpAAAEN8kAACYAAEOpAAAEO9AAACYAAAAGAAAEPhAAACZ
AAAAGQAAAABEAACaAAAAAAAAAABEAACbAAAABAAAAABEAACcAAAABAAAAABEAACd
AAAACAAAAABEAACgAAAADAAAAABEAACnAAAAKAAAAABEAACoAAAANAAAAABEAACr
AAAAQAAAAABEAACiAAAASAAAAABEAACjAAAAUAAAAABEAACkAAAAXAAAAABEAACx
AAAAXAAAAABEAAC0AAAAqAAAAABEAAC1AAAAwAAAAABEAAC3AAAAxAAAAABEAAC5
AAAAzAAAAABEAAC7AAAA3AAAAABEAAC8AAAA9AAAAABEAAC9AAABEAAAAABEAAC+
AAABGAAAAABEAADBAAABIAAAAABEAADDAAABUAAAAABEAADEAAABbAAAAABEAADH
AAABdAAAAABEAADIAAABkAAAAABEAADJAAABnAAAAABEAADKAAABqAAAAABEAADM
AAAB9AAAAABEAADNAAAB+AAAEQZAAACbAAAAEQAAERFAAACcAAAAEAAAER1AAACd
AAAAEgAAESxAAACeAAAACQAAAADAAAAAAAAABAAAAADgAAAAAAAB+AAAETIkAADW
AAEQpAAAEUNAAADWAAAAGAAAEUxAAADXAAAAGQAAAABEAADYAAAAAAAAAABEAADZ
AAAADAAAAABEAADcAAAADAAAAABEAADdAAAAEAAAAABEAADfAAAAFAAAAABEAADm
AAAAMAAAAABEAADnAAAAPAAAAABEAADqAAAASAAAAABEAADhAAAAUAAAAABEAADi
AAAAVAAAAABEAADjAAAAYAAAAABEAADuAAAAYAAAAABEAADwAAAAhAAAAABEAADy
AAAAhAAAAABEAADzAAAAkAAAAABEAADyAAAAmAAAAABEAAD1AAAAqAAAAABEAAD3
AAAAsAAAAABEAAD5AAAAuAAAAABEAAD6AAAA1AAAAABEAAD7AAAA8AAAAABEAAD8
AAAA+AAAAABEAAD/AAABAAAAAABEAAEBAAABLAAAAABEAAECAAABSAAAAABEAAEF
AAABUAAAAABEAAEGAAABfAAAAABEAAEHAAABiAAAAABEAAEIAAABlAAAAABEAAEK
AAAB4AAAAABEAAELAAAB5AAAEVpAAADZAAAAEwAAEWCAAADa///f8AAAEXVAAADb
AAAACgAAEYNAAADcAAAAEQAAEY9AAADdAAAAFAAAAADAAAAAAAAADAAAEZ5AAADw
AAAACQAAAADAAAAAAAAAhAAAAADgAAAAAAAAqAAAAADgAAAAAAAB5AAAEaMgAAAl
AAAAAAAAEbQoAAAoAAIl0AAAEccoAAAuAAIl1AAAEdQoAAAxAAIl2AAAAAEAAAA4
AAAGDgAAAAlkAAAAAAESkAAAAENkAAAAAAESkAAAAEs8AAAAAAAAAAAAAFqAAAAA
AAAAAAAAAHyAAAAAAAAAAAAAAI6AAAAAAAAAAAAAALWAAAAAAAAAAAAAAM6AAAAA
AAAAAAAAAOyAAAAAAAAAAAAAATCAAAAAAAAAAAAAAXSAAAAAAAAAAAAAAZKAAAAA
AAAAAAAAAbSAAAAAAAAAAAAAAdGAAAAAAAAAAAAAAe2AAAAAAAAAAAAAAf+AAAAA
AAAAAAAAAhKAAAAAAAAAAAAAAiuAAAAAAAAAAAAAAliAAAAAAAAAAAAAAnOAAAAA
AAAAAAAAAo+AAAAAAAAAAAAAArGAAAAAAAAAAAAAAr2AAAAZAAAAAAAAAseAAAAc
AAAAAAAAAtGAAACJAAAAAAAAAymAAAAbAAAAAAAAA0CAAAAAAAAAAAAABROAAACD
AAAAAAAABR+AAAAbAAAAAAAABUWAAAAgAAAAAAAABWyAAAAmAAAAAAAABZWAAAAz
AAAAAAAABZ6AAABDAAAAAAAABakgAAA0AAAAAAAABcokAABdAAESkAAABdRAAABV
AAAAGAAABd5AAABVAAAAGQAABehAAABVAAAAGgAAAABEAABdAAAAAAAAAABEAABf
AAAAEAAAAABEAABiAAAAEAAAAABEAABjAAAAJAAAAABEAABmAAAANAAAAABEAABn
AAAAPAAAAABEAABtAAAAWAAAAABEAAB2AAAAbAAAAABEAAB4AAAAeAAAAABEAAB5
AAAAhAAAAABEAAB6AAAAoAAAAABEAAB7AAAA7AAAAABEAAB8AAAA+AAAAABEAAB9
AAABBAAAAABEAAB+AAABDAAAAADAAAAAAAAAEAAAAADgAAAAAAABDAAABfcgAAAv
AAAAAAAAAAEAAAD3AAAFnwAAAApkAAAAAAETpAAAAERkAAAAAAETpAAAAE08AAAA
AAAAAAAAAFyAAAAAAAAAAAAAAH6AAAAAAAAAAAAAAJCAAAAAAAAAAAAAALeAAAAA
AAAAAAAAANCAAAAAAAAAAAAAAO6AAAAAAAAAAAAAATKAAAAAAAAAAAAAAXaAAAAA
AAAAAAAAAZSAAAAAAAAAAAAAAbaAAAAAAAAAAAAAAdOAAAAAAAAAAAAAAe+AAAAA
AAAAAAAAAgGAAAAAAAAAAAAAAhSAAAAAAAAAAAAAAi2AAAAAAAAAAAAAAlqAAAAA
AAAAAAAAAnWAAAAAAAAAAAAAApGAAAAAAAAAAAAAArOAAAAAAAAAAAAAAr+AAAAZ
AAAAAAAAAsmAAAAcAAAAAAAAAtOAAACJAAAAAAAAAyuAAAAAAAAAAAAAA3ggAABc
AAAAAAAAA4YgAABrAAAAAAAAA5AgAAB5AAAAAAAAA5ogAAB/AAAAAAAAA6SAAAAA
AAAAAAAAA9kkAAC2AAETpAAAA+ZAAAC2AAAACAAAA+5AAAC3AAAACQAAAABEAAC4
AAAAAAAAAABEAAC5AAAAAAAAAABEAAC7AAAAEAAAAABEAAC9AAAAJAAAAABEAAC+
AAAAKAAAAABEAAC/AAAAOAAAAABEAADAAAAAPAAAA/UkAADkAAET6AAABAJAAADk
AAAAGwAAAABEAADlAAAAAAAAAABEAADmAAAACAAAAABEAADnAAAAEAAAAABEAADo
AAAAGAAAAABEAADwAAAAIAAAAABEAADyAAAANAAAAABEAAD1AAAARAAAAABEAAD5
AAAARAAAAABEAAD7AAAAXAAAAABEAAD8AAAAaAAAAABEAAD5AAAAeAAAAABEAAEB
AAAAiAAAAABEAAEFAAAAkAAAAABEAAEJAAAAlAAAAABEAAELAAAApAAAAABEAAEM
AAAAsAAAAABEAAEJAAAAwAAAAABEAAERAAAA0AAAAABEAAESAAAA0AAAAABEAAEW
AAAA2AAAAABEAAEXAAAA/AAAAABEAAEYAAABAAAABA9AAADmAAAAAQAABBlAAADn
AAAAHQAABCNAAADoAAAABAAABCpAAADpAAAAGgAAAADAAAAAAAAACAAABDJAAAD1
AAAAHAAABDlAAAD2AAAAGQAAAADAAAAAAAAARAAAAADgAAAAAAAAiAAABD5AAAEF
AAAAHAAABEVAAAEGAAAAGQAAAADAAAAAAAAAkAAAAADgAAAAAAAA0AAAAADgAAAA
AAABAAAABEokAAEeAAEU8AAABGFAAAEeAAAAGAAAAABEAAEfAAAAAAAAAABEAAEk
AAAABAAAAABEAAEmAAAAIAAAAABEAAEoAAAAKAAAAABEAAEsAAAAPAAAAABEAAEu
AAAATAAAAABEAAEwAAAAWAAAAABEAAExAAAAYAAAAABEAAEzAAAAaAAAAABEAAE1
AAAAcAAAAABEAAE2AAAAeAAAAABEAAE3AAAAiAAAAABEAAE5AAAAkAAAAABEAAE7
AAAAnAAAAABEAAE8AAAAnAAABG8kAAF4AAEVlAAABINAAAF4AAAAFgAABItAAAF5
AAAAGQAABJhAAAF6AAAAGgAABKZAAAF7AAAAGwAABLdAAAF8AAAAHAAABMNAAAF9
AAAAHQAAAABEAAF+AAAAAAAAAABEAAF/AAAABAAAAABEAAGBAAAADAAAAABEAAGD
AAAAIAAAAABEAAGEAAAALAAAAABEAAGHAAAANAAAAABEAAGLAAAAWAAAAABEAAGQ
AAAAbAAAAABEAAGRAAAAmAAAAABEAAGSAAAAqAAAAABEAAGTAAAAxAAAAABEAAGY
AAAAyAAAAABEAAGaAAAA0AAAAABEAAGZAAAA2AAAAABEAAGbAAABDAAAAABEAAGj
AAABHAAAAABEAAGlAAABTAAAAABEAAGnAAABWAAAAABEAAGoAAABfAAAAABEAAGp
AAABjAAAAABEAAGqAAABqAAAAABEAAGrAAABtAAAAABEAAGtAAABvAAAAABEAAGz
AAABxAAAAABEAAG3AAAB2AAAAABEAAG5AAAB9AAAAABEAAG/AAAB/AAAAABEAAHB
AAACKAAAAABEAAHCAAACPAAAAABEAAHDAAACRAAAAABEAAHEAAACYAAAAABEAAH5
AAACaAAAAABEAAH6AAACbAAAAABEAAH8AAACcAAAAABEAAHKAAACeAAAAABEAAHd
AAACuAAAAABEAAHiAAADEAAAAABEAAHlAAADEAAAAABEAAHmAAADFAAAAABEAAHq
AAADGAAAAABEAAHzAAADUAAAAABEAAH0AAADZAAAAABEAAH2AAADhAAAAABEAAH+
AAADoAAAAABEAAIBAAADqAAAAABEAAIDAAADrAAAAABEAAHzAAADsAAAAABEAAIJ
AAADxAAAAABEAAILAAAD2AAAAABEAAIMAAAD7AAAAABEAAIOAAAEFAAAAABEAAIQ
AAAEJAAAAABEAAITAAAELAAAAABEAAIWAAAEOAAAAABEAAIXAAAERAAAAABEAAIb
AAAEVAAAAABEAAIcAAAEZAAAAABEAAIfAAAEcAAAAABEAAIgAAAEhAAAAABEAAIi
AAAEpAAAAABEAAInAAAEyAAAAABEAAIrAAAE+AAAAABEAAIsAAAFEAAAAABEAAIv
AAAFGAAAAABEAAIxAAAFKAAAAABEAAIyAAAFPAAAAABEAAI1AAAFWAAAAABEAAI2
AAAFaAAAAABEAAI5AAAFlAAAAABEAAI6AAAFqAAAAABEAAI9AAAFwAAAAABEAAI+
AAAF1AAAAABEAAI/AAAF4AAAAABEAAJAAAAF5AAAAABEAAJCAAAF9AAAAABEAAJD
AAAF+AAAAABEAAJFAAAGAAAAAABEAAJMAAAGCAAAAABEAAJPAAAGSAAAAABEAAJR
AAAGXAAAAABEAAJTAAAGeAAAAABEAAJXAAAGoAAAAABEAAJaAAAG0AAAAABEAAJb
AAAG4AAAAABEAAJcAAAG8AAAAABEAAJeAAAG+AAAAABEAAJjAAAG+AAAAABEAAJk
AAAHCAAAAABEAAJnAAAHHAAAAABEAAJoAAAHMAAAAABEAAJqAAAHQAAAAABEAAJs
AAAHVAAAAABEAAJuAAAHZAAAAABEAAJwAAAHdAAAAABEAAJzAAAHiAAAAABEAAJ2
AAAHpAAAAABEAAJ3AAAHtAAAAABEAAJ5AAAHvAAAAABEAAJ7AAAHyAAAAABEAAJ+
AAAH2AAAAABEAAKGAAAH7AAAAABEAAKKAAAH9AAAAABEAAKMAAAICAAAAABEAAKP
AAAIDAAAAABEAAKQAAAIGAAAAABEAAKRAAAIIAAAAABEAAKTAAAINAAAAABEAAKW
AAAISAAAAABEAAKaAAAIZAAAAABEAAKbAAAIdAAAAABEAAKbAAAIfAAAAABEAAKf
AAAIhAAAAABEAAKjAAAIjAAAAABEAAKkAAAIqAAAAABEAAKnAAAIsAAAAABEAAKo
AAAIuAAAAABEAAKpAAAIuAAAAADAAAAAAAAABAAABNBAAAHiAAAAEQAABNxAAAHj
AAAAGwAABOJAAAHkAAAAEwAABO1AAAHlAAAAGAAABPZAAAHmAAAAFQAABP9AAAHn
AAAAFwAABQtAAAHoAAAAEgAAAADAAAAAAAADEAAAAADgAAAAAAAG+AAABRtAAAJj
AAAAGAAABSBAAAJkAAAACgAAAADAAAAAAAAG+AAAAADgAAAAAAAIuAAAAADgAAAA
AAAIuAAABSkkAAKtAAEeVAAABTNAAAKtAAAAGAAABTtAAAKuAAAAGQAABURAAAKv
AAAAGgAAAABEAAKwAAAAAAAAAABEAAKxAAAABAAAAABEAAK1AAAAJAAABVIoAAB0
AAIl3AAABV8oAAChAAIl4AAABWwoAACkAAIl5AAABYAoAADWAAIl6AAABZAoAADX
AAIl7AAAAAEAAAAsAAAEIAAAAAtkAAAAAAEegAAAAEVkAAAAAAEegAAAAE88AAAA
AAAAAAAAAF6AAAAAAAAAAAAAAICAAAAAAAAAAAAAAJKAAAAAAAAAAAAAALmAAAAA
AAAAAAAAANKAAAAAAAAAAAAAAPCAAAAAAAAAAAAAATSAAAAAAAAAAAAAAXiAAAAA
AAAAAAAAAZaAAAAAAAAAAAAAAbiAAAAAAAAAAAAAAdWAAAAAAAAAAAAAAfGAAAAA
AAAAAAAAAgOAAAAAAAAAAAAAAhaAAAAAAAAAAAAAAi+AAAAAAAAAAAAAAlyAAAAA
AAAAAAAAAneAAAAAAAAAAAAAApOAAAAAAAAAAAAAArWAAAAAAAAAAAAAAsGAAAAA
AAAAAAAAAw6AAAAZAAAAAAAAAxiAAAAcAAAAAAAAAyKAAACJAAAAAAAAA3okAAA8
AAEegAAAA4lAAAA8AAAAGAAAA5FAAAA9AAAAGQAAA6FAAAA+AAAAGgAAA61AAAA/
AAAAGwAAA8JAAABAAAAAHAAAAABEAABBAAAAAAAAAABEAABCAAAABAAAAABEAABD
AAAAJAAAA9AkAABMAAEerAAAA+RAAABMAAAAGAAAA+xAAABNAAAAGQAAA/VAAABO
AAAAGgAABAFAAABPAAAAGwAABBJAAABQAAAAHAAAAABEAABRAAAAAAAAAABEAABS
AAAABAAAAABEAABTAAAAJAAAAAEAAAB5AAANeAAAAA1kAAAAAAEe2AAAAEdkAAAA
AAEe2AAAAFM8AAAAAAAAAAAAAGKAAAAAAAAAAAAAAISAAAAAAAAAAAAAAJaAAAAA
AAAAAAAAAL2AAAAAAAAAAAAAANaAAAAAAAAAAAAAAPSAAAAAAAAAAAAAATiAAAAA
AAAAAAAAAXyAAAAAAAAAAAAAAZqAAAAAAAAAAAAAAbyAAAAAAAAAAAAAAdmAAAAA
AAAAAAAAAfWAAAAAAAAAAAAAAgeAAAAAAAAAAAAAAhqAAAAAAAAAAAAAAjOAAAAA
AAAAAAAAAmCAAAAAAAAAAAAAAnuAAAAAAAAAAAAAApeAAAAAAAAAAAAAArmAAAAA
AAAAAAAAAsWAAAAAAAAAAAAAAuyAAAAaAAAAAAAAAv6AAAAAAAAAAAAAAyWAAAAc
AAAAAAAAAzGAAAAgAAAAAAAAAzyAAAAeAAAAAAAAA0iAAAAfAAAAAAAAA1SAAAAg
AAAAAAAAA16AAAAhAAAAAAAAA2mAAAAjAAAAAAAAA3iAAAAkAAAAAAAAA4OAAAAl
AAAAAAAAA4yAAAAmAAAAAAAAA5WAAAAoAAAAAAAAA6CAAAApAAAAAAAAA6qAAAAq
AAAAAAAAA7WAAAArAAAAAAAAA8CAAAAAAAAAAAAAA9yAAAAwAAAAAAAAA+qAAAA5
AAAAAAAAA/iAAAA6AAAAAAAABAiAAABAAAAAAAAABBSAAABBAAAAAAAABCKAAABa
AAAAAAAABGCAAABuAAAAAAAABKCAAABxAAAAAAAABK6AAAB7AAAAAAAABLaAAACE
AAAAAAAABMGAAACFAAAAAAAABMyAAACKAAAAAAAABNWAAACXAAAAAAAABOGAAACY
AAAAAAAABOyAAACZAAAAAAAABPeAAACaAAAAAAAABQKAAACbAAAAAAAABQ+AAACc
AAAAAAAABRqAAACdAAAAAAAABSWAAACiAAAAAAAABS6AAACjAAAAAAAABTiAAACn
AAAAAAAABUGAAACqAAAAAAAABUqAAACrAAAAAAAABVWAAACsAAAAAAAABV6AAACt
AAAAAAAABWeAAACuAAAAAAAABXCAAAC1AAAAAAAABXqAAAC6AAAAAAAABYWAAADA
AAAAAAAABY+AAADFAAAAAAAABZqAAADKAAAAAAAABaeAAADPAAAAAAAABbKAAADV
AAAAAAAABb2AAADWAAAAAAAABceAAADXAAAAAAAABc+AAADYAAAAAAAABdiAAAD9
AAAAAAAABeSAAAEHAAAAAAAABe+AAAEIAAAAAAAABfqAAAEJAAAAAAAABgOAAAEK
AAAAAAAABg2AAAAAAAAAAAAABjGAAAELAAAAAAAABjqAAAAAAAAAAAAABmiAAAAA
AAAAAAAABqKAAAAAAAAAAAAABtuAAAAAAAAAAAAABwqAAACPAAAAAAAABxmAAACR
AAAAAAAABymAAAAAAAAAAAAAB2OAAACmAAAAAAAAB3SAAACsAAAAAAAAB4CAAAAA
AAAAAAAACB6AAAAAAAAAAAAACFSAAAAAAAAAAAAACKOAAAAAAAAAAAAACrSAAACr
AAAAAAAACsKAAAAAAAAAAAAADH6AAADiAAAAAAAADI6AAAAAAAAAAAAADPWAAADq
AAAAAAAADQSAAAAjAAAAAAAADQ+AAAAAAAAAAAAADT6AAAArAAAAAAAADUkkAAAo
AAEe2AAADVZAAAAoAAAAEAAADV5AAAApAAAAGQAADWZAAAAqAAAAGgAAAABEAAAr
AAAAAAAAAABEAAAsAAAABAAAAABEAAAuAAAABAAAAABEAAAvAAAAEAAAAABEAAAy
AAAAGAAAAABEAAA0AAAAHAAAAABEAAA2AAAALAAAAABEAAA7AAAARAAAAABEAAA8
AAAARAAADW1AAAAsAAAAGAAAAADAAAAAAAAABAAAAADgAAAAAAAARAAAAAEAAAAX
AAAC1wAAAAtkAAAAAAEfJAAAAEVkAAAAAAEfJAAAAE88AAAAAAAAAAAAAF6AAAAA
AAAAAAAAAICAAAAAAAAAAAAAAJKAAAAAAAAAAAAAALmAAAAAAAAAAAAAANKAAAAA
AAAAAAAAAPCAAAAAAAAAAAAAATSAAAAAAAAAAAAAAXiAAAAAAAAAAAAAAZaAAAAA
AAAAAAAAAbiAAAAAAAAAAAAAAdWAAAAAAAAAAAAAAfGAAAAAAAAAAAAAAgOAAAAA
AAAAAAAAAhaAAAAAAAAAAAAAAi+AAAAAAAAAAAAAAlyAAAAAAAAAAAAAAneAAAAA
AAAAAAAAApOAAAAAAAAAAAAAArWAAAAAAAAAAAAAAsEgAAAEAAAAAAAAAAEAAAAq
AAAGPAAAAAtkAAAAAAEfJAAAADFkAAAAAAEfJAAAAD08AAAAAAAAAAAAAEyAAAAA
AAAAAAAAAG6AAAAAAAAAAAAAAICAAAAAAAAAAAAAAKeAAAAAAAAAAAAAAMCAAAAA
AAAAAAAAAN6AAAAAAAAAAAAAASKAAAAAAAAAAAAAAWaAAAAAAAAAAAAAAYSAAAAA
AAAAAAAAAaaAAAAAAAAAAAAAAcOAAAAAAAAAAAAAAd+AAAAAAAAAAAAAAfGAAAAA
AAAAAAAAAgSAAAAAAAAAAAAAAh2AAAAAAAAAAAAAAkqAAAAAAAAAAAAAAmWAAAAA
AAAAAAAAAoGAAAAAAAAAAAAAAqOAAAAAAAAAAAAAAq+AAAAAAAAAAAAAAtqAAAAA
AAAAAAAAAyuAAAAAAAAAAAAABLCAAAAAAAAAAAAABT6AAABgAAAAAAAABUuAAACQ
AAAAAAAABVWAAADXAAAAAAAABWCAAAA0AAAAAAAABWyAAAA1AAAAAAAABXaAAAA2
AAAAAAAABYGAAAA3AAAAAAAABYuAAAA4AAAAAAAABZaAAAA5AAAAAAAABaGAAAA6
AAAAAAAABayAAAA/AAAAAAAABbeAAABGAAAAAAAABcSAAAAAAAAAAAAABe2AAABt
AAAAAAAABhGAAAAuAAAAAAAABiYkAAfLAAEfJAAuaW50ZXJwAC5oYXNoAC5keW5z
eW0ALmR5bnN0cgAucmVsYS5ic3MALnJlbGEucGx0AC50ZXh0AC5pbml0AC5maW5p
AC5jdG9ycwAuZHRvcnMALnJvZGF0YQAuZ290AC5keW5hbWljAC5wbHQALmRhdGEA
LmJzcwAuc3ltdGFiAC5zdHJ0YWIALnN0YWIuaW5kZXgALmNvbW1lbnQALnN0YWIA
LnNoc3RydGFiAC5zdGFiLmluZGV4c3RyAC5zdGFic3RyAAB2YWx1ZXMtWGEuYwAv
bW9yZS9vbjQ5NF93cy91c3Ivc3JjL2xpYi9saWJjLwBwb3J0L2dlbi92YWx1ZXMt
WGEuYwAAAFh0IDsgVj0yLjAAL3Vzci9sb2NhbC9nbnUvcGtnL3RleHR1dGlscy8x
LjEzL3NyYy90ZXh0dXRpbHMtMS4xMy9zcmMAL3Vzci9jY3MvbGliL3ZhbHVlcy1Y
YS5vAABzdW0uYwAvdXNyL2xvY2FsL2dudS9wa2cvdGV4dHV0aWxzLzEuMTMvc3Jj
L3RleHR1dGlscy0xLjEzL3NyYy8Ac3VtLmMAZ2NjMl9jb21waWxlZC4AaW50OnQx
PXIxOy0yMTQ3NDgzNjQ4OzIxNDc0ODM2NDc7AGNoYXI6dDI9cjI7MDsxMjc7AGxv
bmcgaW50OnQzPXIxOy0yMTQ3NDgzNjQ4OzIxNDc0ODM2NDc7AHVuc2lnbmVkIGlu
dDp0ND1yMTswOy0xOwBsb25nIHVuc2lnbmVkIGludDp0NT1yMTswOy0xOwBsb25n
IGxvbmcgaW50OnQ2PXIxOzAxMDAwMDAwMDAwMDAwMDAwMDAwMDAwOzA3Nzc3Nzc3
Nzc3Nzc3Nzc3Nzc3Nzc7AGxvbmcgbG9uZyB1bnNpZ25lZCBpbnQ6dDc9cjE7MDAw
MDAwMDAwMDAwMDswMTc3Nzc3Nzc3Nzc3Nzc3Nzc3Nzc3NzsAc2hvcnQgaW50OnQ4
PXIxOy0zMjc2ODszMjc2NzsAc2hvcnQgdW5zaWduZWQgaW50OnQ5PXIxOzA7NjU1
MzU7AHNpZ25lZCBjaGFyOnQxMD1yMTstMTI4OzEyNzsAdW5zaWduZWQgY2hhcjp0
MTE9cjE7MDsyNTU7AGZsb2F0OnQxMj1yMTs0OzA7AGRvdWJsZTp0MTM9cjE7ODsw
OwBsb25nIGRvdWJsZTp0MTQ9cjE7MTY7MDsAY29tcGxleCBpbnQ6dDE1PXM4cmVh
bDoxLDAsMzI7aW1hZzoxLDMyLDMyOzsAY29tcGxleCBmbG9hdDp0MTY9cjE2OzQ7
MDsAY29tcGxleCBkb3VibGU6dDE3PXIxNzs4OzA7AGNvbXBsZXggbG9uZyBkb3Vi
bGU6dDE4PXIxODsxNjswOwB2b2lkOnQxOT0xOQBzaXplX3Q6dDQAZnBvc190OnQz
AEZJTEU6dDIwPXMxNl9jbnQ6MSwwLDMyO19wdHI6MjE9KjExLDMyLDMyO19iYXNl
OjIxLDY0LDMyO19mbGFnOjExLDk2LDg7X2ZpbGU6MTEsMTA0LDg7OwBfcGh5c2Fk
cl90OlQyMj1zNHI6MjM9YXIxOzA7MDsxLDAsMzI7OwBwaHlzYWRyX3Q6dDI0PSoy
MgBfbGFiZWxfdDpUMjU9czh2YWw6MjY9YXIxOzA7MTsxLDAsNjQ7OwBsYWJlbF90
OnQyNQBsb2NrX3Q6dDExAHVjaGFyX3Q6dDExAHVzaG9ydF90OnQ5AHVpbnRfdDp0
NAB1bG9uZ190OnQ1AGNhZGRyX3Q6dDI3PSoyAGRhZGRyX3Q6dDMAb2ZmX3Q6dDMA
Y250X3Q6dDgAcGFkZHJfdDp0NQB1c2VfdDp0MTEAc3lzaWRfdDp0OABpbmRleF90
OnQ4ACA6VDI4PWVCX0ZBTFNFOjAsQl9UUlVFOjEsOwBib29sZWFuX3Q6dDI4AGxv
bmdsb25nX3Q6dDYAdV9sb25nbG9uZ190OnQ3AG9mZnNldF90OnQ2AGRpc2thZGRy
X3Q6dDYAbGxvZmZfdDp0Mjk9dThfZjo2LDAsNjQ7X3A6MzA9czhfdTozLDAsMzI7
X2w6MywzMiwzMjs7LDAsNjQ7OwBsbGRhZGRyX3Q6dDMxPXU4X2Y6NiwwLDY0O19w
OjMyPXM4X3U6MywwLDMyO19sOjMsMzIsMzI7OywwLDY0OzsAa19mbHRzZXRfdDp0
NQBpZF90OnQzAG1ham9yX3Q6dDUAbWlub3JfdDp0NQBwcmlfdDp0OABvX21vZGVf
dDp0OQBvX2Rldl90OnQ4AG9fdWlkX3Q6dDkAb19naWRfdDp0OQBvX25saW5rX3Q6
dDgAb19waWRfdDp0OABvX2lub190OnQ5AGtleV90OnQxAG1vZGVfdDp0NQB1aWRf
dDp0MwBnaWRfdDp0MwBubGlua190OnQ1AGRldl90OnQ1AGlub190OnQ1AHBpZF90
OnQzAHNzaXplX3Q6dDEAdGltZV90OnQzAGNsb2NrX3Q6dDMAY2xvY2tpZF90OnQx
AHRpbWVyX3Q6dDEAdW5jaGFyOnQxMQB1c2hvcnQ6dDkAdWludDp0NAB1bG9uZzp0
NQBob3N0aWRfdDp0MwB1X2NoYXI6dDExAHVfc2hvcnQ6dDkAdV9pbnQ6dDQAdV9s
b25nOnQ1AF9xdWFkOlQzMz1zOHZhbDozND1hcjE7MDsxOzMsMCw2NDs7AHF1YWQ6
dDMzAHRpbWV2YWw6VDM1PXM4dHZfc2VjOjMsMCwzMjt0dl91c2VjOjMsMzIsMzI7
OwB0aW1lem9uZTpUMzY9czh0el9taW51dGVzd2VzdDoxLDAsMzI7dHpfZHN0dGlt
ZToxLDMyLDMyOzsAaXRpbWVydmFsOlQzNz1zMTZpdF9pbnRlcnZhbDozNSwwLDY0
O2l0X3ZhbHVlOjM1LDY0LDY0OzsAdGltZXNwZWM6VDM4PXM4dHZfc2VjOjMsMCwz
Mjt0dl9uc2VjOjMsMzIsMzI7OwB0aW1lc3BlY190OnQzOAB0aW1lc3RydWNfdDp0
MzgAaXRpbWVyc3BlYzpUMzk9czE2aXRfaW50ZXJ2YWw6MzgsMCw2NDtpdF92YWx1
ZTozOCw2NCw2NDs7AGl0aW1lcnNwZWNfdDp0MzkAaHJ0aW1lX3Q6dDYAdG06VDQw
PXMzNnRtX3NlYzoxLDAsMzI7dG1fbWluOjEsMzIsMzI7dG1faG91cjoxLDY0LDMy
O3RtX21kYXk6MSw5NiwzMjt0bV9tb246MSwxMjgsMzI7dG1feWVhcjoxLDE2MCwz
Mjt0bV93ZGF5OjEsMTkyLDMyO3RtX3lkYXk6MSwyMjQsMzI7dG1faXNkc3Q6MSwy
NTYsMzI7OwBzaWd2YWw6VDQxPXU0c2l2YWxfaW50OjEsMCwzMjtzaXZhbF9wdHI6
NDI9KjE5LDAsMzI7OwBzaWdldmVudDpUNDM9czEyc2lnZXZfbm90aWZ5OjEsMCwz
MjtzaWdldl9zaWdubzoxLDMyLDMyO3NpZ2V2X3ZhbHVlOjQxLDY0LDMyOzsAc2ln
aW5mbzpUNDQ9czEyOHNpX3NpZ25vOjEsMCwzMjtzaV9jb2RlOjEsMzIsMzI7c2lf
ZXJybm86MSw2NCwzMjtfZGF0YTo0NT11MTE2X3BhZDo0Nj1hcjE7MDsyODsxLDAs
OTI4O19wcm9jOjQ3PXMxNl9waWQ6MywwLDMyO19wZGF0YTo0OD11MTJfa2lsbDo0
OT1zOF91aWQ6MywwLDMyO192YWx1ZTo0MSwzMiwzMjs7LDAsNjQ7X2NsZDo1MD1z
MTJfdXRpbWU6MywwLDMyO19zdGF0dXM6MSwzMiwzMjtfc3RpbWU6Myw2NCwzMjs7
LDAsOTY7OywzMiw5Njs7LDAsMTI4O19mYXVsdDo1MT1zOF9hZGRyOjI3LDAsMzI7
X3RyYXBubzoxLDMyLDMyOzssMCw2NDtfZmlsZTo1Mj1zOF9mZDoxLDAsMzI7X2Jh
bmQ6MywzMiwzMjs7LDAsNjQ7X3Byb2Y6NTM9czExNl9mYWRkcjoyNywwLDMyO190
c3RhbXA6MzgsMzIsNjQ7X3N5c2NhbGw6OCw5NiwxNjtfbnN5c2FyZzoyLDExMiw4
O19mYXVsdDoyLDEyMCw4O19zeXNhcmc6NTQ9YXIxOzA7NzszLDEyOCwyNTY7X21z
dGF0ZTo1NT1hcjE7MDsxNjszLDM4NCw1NDQ7OywwLDkyODs7LDk2LDkyODs7AHNp
Z2luZm9fdDp0NDQAa19zaWdpbmZvOlQ1Nj1zMjhzaV9zaWdubzoxLDAsMzI7c2lf
Y29kZToxLDMyLDMyO3NpX2Vycm5vOjEsNjQsMzI7X2RhdGE6NTc9dTE2X3Byb2M6
NTg9czE2X3BpZDozLDAsMzI7X3BkYXRhOjU5PXUxMl9raWxsOjYwPXM4X3VpZDoz
LDAsMzI7X3ZhbHVlOjQxLDMyLDMyOzssMCw2NDtfY2xkOjYxPXMxMl91dGltZToz
LDAsMzI7X3N0YXR1czoxLDMyLDMyO19zdGltZTozLDY0LDMyOzssMCw5Njs7LDMy
LDk2OzssMCwxMjg7X2ZhdWx0OjYyPXM4X2FkZHI6MjcsMCwzMjtfdHJhcG5vOjEs
MzIsMzI7OywwLDY0O19maWxlOjYzPXM4X2ZkOjEsMCwzMjtfYmFuZDozLDMyLDMy
OzssMCw2NDtfcHJvZjo2ND1zMTZfZmFkZHI6MjcsMCwzMjtfdHN0YW1wOjM4LDMy
LDY0O19zeXNjYWxsOjgsOTYsMTY7X25zeXNhcmc6MiwxMTIsODtfZmF1bHQ6Miwx
MjAsODs7LDAsMTI4OzssOTYsMTI4OzsAa19zaWdpbmZvX3Q6dDU2AHNpZ3F1ZXVl
OlQ2NT1zNDBzcV9uZXh0OjY2PSo2NSwwLDMyO3NxX2luZm86NTYsMzIsMjI0O3Nx
X2Z1bmM6Njc9KjY4PWYxOSwyNTYsMzI7c3FfYmFja3B0cjo0MiwyODgsMzI7OwBz
aWdxdWV1ZV90OnQ2NQBmZF9tYXNrOnQzAGZkX3NldDpUNjk9czEyOGZkc19iaXRz
OjcwPWFyMTswOzMxOzMsMCwxMDI0OzsAZmRfc2V0OnQ2OQBvcHRpb246VDcxPXMx
Nm5hbWU6NzI9KjIsMCwzMjtoYXNfYXJnOjEsMzIsMzI7ZmxhZzo3Mz0qMSw2NCwz
Mjt2YWw6MSw5NiwzMjs7AHN0YXQ6VDc0PXMxMzZzdF9kZXY6NSwwLDMyO3N0X3Bh
ZDE6NzU9YXIxOzA7MjszLDMyLDk2O3N0X2lubzo1LDEyOCwzMjtzdF9tb2RlOjUs
MTYwLDMyO3N0X25saW5rOjUsMTkyLDMyO3N0X3VpZDozLDIyNCwzMjtzdF9naWQ6
MywyNTYsMzI7c3RfcmRldjo1LDI4OCwzMjtzdF9wYWQyOjM0LDMyMCw2NDtzdF9z
aXplOjMsMzg0LDMyO3N0X3BhZDM6Myw0MTYsMzI7c3RfYXRpbTozOCw0NDgsNjQ7
c3RfbXRpbTozOCw1MTIsNjQ7c3RfY3RpbTozOCw1NzYsNjQ7c3RfYmxrc2l6ZToz
LDY0MCwzMjtzdF9ibG9ja3M6Myw2NzIsMzI7c3RfZnN0eXBlOjc2PWFyMTswOzE1
OzIsNzA0LDEyODtzdF9wYWQ0OjU0LDgzMiwyNTY7OwBkaXZfdDp0Nzc9czhxdW90
OjEsMCwzMjtyZW06MSwzMiwzMjs7AGxkaXZfdDp0Nzg9czhxdW90OjMsMCwzMjty
ZW06MywzMiwzMjs7AGxsZGl2X3Q6dDc5PXMxNnF1b3Q6NiwwLDY0O3JlbTo2LDY0
LDY0OzsAd2NoYXJfdDp0MwBmbG9jazpUODA9czM2bF90eXBlOjgsMCwxNjtsX3do
ZW5jZTo4LDE2LDE2O2xfc3RhcnQ6MywzMiwzMjtsX2xlbjozLDY0LDMyO2xfc3lz
aWQ6Myw5NiwzMjtsX3BpZDozLDEyOCwzMjtsX3BhZDo4MT1hcjE7MDszOzMsMTYw
LDEyODs7AGZsb2NrX3Q6dDgwAGxvbmdvcHRzOlM4Mj1hcjE7MDstMTs3MQB1c2Fn
ZTpmMTkAc3RhdHVzOlAxAG1haW46RjE5AGFyZ2M6UDEAYXJndjpQODM9KjI3AGVy
cm9yczpyMQBvcHRjOnIxAGZpbGVzX2dpdmVuOnIxAHN1bV9mdW5jOnI4ND0qODU9
ZjEAYnNkX3N1bV9maWxlOmYxAGZpbGU6UDI3AHByaW50X25hbWU6UDEAZnA6cjg2
PSoyMABjaGVja3N1bTpyNQB0b3RhbF9ieXRlczpyMwBjaDpyMQBzeXN2X3N1bV9m
aWxlOmYxAGZpbGU6UDI3AHByaW50X25hbWU6UDEAZmQ6cjEAYnVmOjg3PWFyMTsw
OzgxOTE7MTEAYnl0ZXNfcmVhZDpyMQBjaGVja3N1bTpyNQB0b3RhbF9ieXRlczpy
MwBpOnIxAHByb2dyYW1fbmFtZTpHMjcAaGF2ZV9yZWFkX3N0ZGluOlMxAHNob3df
aGVscDpTMQBzaG93X3ZlcnNpb246UzEAAGVycm9yLmMAL3Vzci9sb2NhbC9nbnUv
cGtnL3RleHR1dGlscy8xLjEzL3NyYy90ZXh0dXRpbHMtMS4xMy9saWIvAGVycm9y
LmMAZ2NjMl9jb21waWxlZC4AaW50OnQxPXIxOy0yMTQ3NDgzNjQ4OzIxNDc0ODM2
NDc7AGNoYXI6dDI9cjI7MDsxMjc7AGxvbmcgaW50OnQzPXIxOy0yMTQ3NDgzNjQ4
OzIxNDc0ODM2NDc7AHVuc2lnbmVkIGludDp0ND1yMTswOy0xOwBsb25nIHVuc2ln
bmVkIGludDp0NT1yMTswOy0xOwBsb25nIGxvbmcgaW50OnQ2PXIxOzAxMDAwMDAw
MDAwMDAwMDAwMDAwMDAwOzA3Nzc3Nzc3Nzc3Nzc3Nzc3Nzc3Nzc7AGxvbmcgbG9u
ZyB1bnNpZ25lZCBpbnQ6dDc9cjE7MDAwMDAwMDAwMDAwMDswMTc3Nzc3Nzc3Nzc3
Nzc3Nzc3Nzc3NzsAc2hvcnQgaW50OnQ4PXIxOy0zMjc2ODszMjc2NzsAc2hvcnQg
dW5zaWduZWQgaW50OnQ5PXIxOzA7NjU1MzU7AHNpZ25lZCBjaGFyOnQxMD1yMTst
MTI4OzEyNzsAdW5zaWduZWQgY2hhcjp0MTE9cjE7MDsyNTU7AGZsb2F0OnQxMj1y
MTs0OzA7AGRvdWJsZTp0MTM9cjE7ODswOwBsb25nIGRvdWJsZTp0MTQ9cjE7MTY7
MDsAY29tcGxleCBpbnQ6dDE1PXM4cmVhbDoxLDAsMzI7aW1hZzoxLDMyLDMyOzsA
Y29tcGxleCBmbG9hdDp0MTY9cjE2OzQ7MDsAY29tcGxleCBkb3VibGU6dDE3PXIx
Nzs4OzA7AGNvbXBsZXggbG9uZyBkb3VibGU6dDE4PXIxODsxNjswOwB2b2lkOnQx
OT0xOQBzaXplX3Q6dDQAZnBvc190OnQzAEZJTEU6dDIwPXMxNl9jbnQ6MSwwLDMy
O19wdHI6MjE9KjExLDMyLDMyO19iYXNlOjIxLDY0LDMyO19mbGFnOjExLDk2LDg7
X2ZpbGU6MTEsMTA0LDg7OwBfX2dudWNfdmFfbGlzdDp0MjI9KjE5AF9fdmFfdHlw
ZV9jbGFzc2VzOlQyMz1lX19ub190eXBlX2NsYXNzOi0xLF9fdm9pZF90eXBlX2Ns
YXNzOjAsX19pbnRlZ2VyX3R5cGVfY2xhc3M6MSxfX2NoYXJfdHlwZV9jbGFzczoy
LF9fZW51bWVyYWxfdHlwZV9jbGFzczozLF9fYm9vbGVhbl90eXBlX2NsYXNzOjQs
X19wb2ludGVyX3R5cGVfY2xhc3M6NSxfX3JlZmVyZW5jZV90eXBlX2NsYXNzOjYs
X19vZmZzZXRfdHlwZV9jbGFzczo3LF9fcmVhbF90eXBlX2NsYXNzOjgsX19jb21w
bGV4X3R5cGVfY2xhc3M6OSxfX2Z1bmN0aW9uX3R5cGVfY2xhc3M6MTAsX19tZXRo
b2RfdHlwZV9jbGFzczoxMSxfX3JlY29yZF90eXBlX2NsYXNzOjEyLF9fdW5pb25f
dHlwZV9jbGFzczoxMyxfX2FycmF5X3R5cGVfY2xhc3M6MTQsX19zdHJpbmdfdHlw
ZV9jbGFzczoxNSxfX3NldF90eXBlX2NsYXNzOjE2LF9fZmlsZV90eXBlX2NsYXNz
OjE3LF9fbGFuZ190eXBlX2NsYXNzOjE4LDsAdmFfbGlzdDp0MjIAZGl2X3Q6dDI0
PXM4cXVvdDoxLDAsMzI7cmVtOjEsMzIsMzI7OwBsZGl2X3Q6dDI1PXM4cXVvdDoz
LDAsMzI7cmVtOjMsMzIsMzI7OwBsbGRpdl90OnQyNj1zMTZxdW90OjYsMCw2NDty
ZW06Niw2NCw2NDs7AHVpZF90OnQzAHdjaGFyX3Q6dDMAZXJyb3JfcHJpbnRfcHJv
Z25hbWU6RzI3PSoyOD1mMTkAZXJyb3I6RjE5AHN0YXR1czpQMQBlcnJudW06UDEA
bWVzc2FnZTpQMjk9KjIAZXJyb3JfbWVzc2FnZV9jb3VudDpHNAAAZ2V0b3B0LmMA
L3Vzci9sb2NhbC9nbnUvcGtnL3RleHR1dGlscy8xLjEzL3NyYy90ZXh0dXRpbHMt
MS4xMy9saWIvAGdldG9wdC5jAGdjYzJfY29tcGlsZWQuAGludDp0MT1yMTstMjE0
NzQ4MzY0ODsyMTQ3NDgzNjQ3OwBjaGFyOnQyPXIyOzA7MTI3OwBsb25nIGludDp0
Mz1yMTstMjE0NzQ4MzY0ODsyMTQ3NDgzNjQ3OwB1bnNpZ25lZCBpbnQ6dDQ9cjE7
MDstMTsAbG9uZyB1bnNpZ25lZCBpbnQ6dDU9cjE7MDstMTsAbG9uZyBsb25nIGlu
dDp0Nj1yMTswMTAwMDAwMDAwMDAwMDAwMDAwMDAwMDswNzc3Nzc3Nzc3Nzc3Nzc3
Nzc3Nzc3OwBsb25nIGxvbmcgdW5zaWduZWQgaW50OnQ3PXIxOzAwMDAwMDAwMDAw
MDA7MDE3Nzc3Nzc3Nzc3Nzc3Nzc3Nzc3Nzc7AHNob3J0IGludDp0OD1yMTstMzI3
Njg7MzI3Njc7AHNob3J0IHVuc2lnbmVkIGludDp0OT1yMTswOzY1NTM1OwBzaWdu
ZWQgY2hhcjp0MTA9cjE7LTEyODsxMjc7AHVuc2lnbmVkIGNoYXI6dDExPXIxOzA7
MjU1OwBmbG9hdDp0MTI9cjE7NDswOwBkb3VibGU6dDEzPXIxOzg7MDsAbG9uZyBk
b3VibGU6dDE0PXIxOzE2OzA7AGNvbXBsZXggaW50OnQxNT1zOHJlYWw6MSwwLDMy
O2ltYWc6MSwzMiwzMjs7AGNvbXBsZXggZmxvYXQ6dDE2PXIxNjs0OzA7AGNvbXBs
ZXggZG91YmxlOnQxNz1yMTc7ODswOwBjb21wbGV4IGxvbmcgZG91YmxlOnQxOD1y
MTg7MTY7MDsAdm9pZDp0MTk9MTkAc2l6ZV90OnQ0AGZwb3NfdDp0MwBGSUxFOnQy
MD1zMTZfY250OjEsMCwzMjtfcHRyOjIxPSoxMSwzMiwzMjtfYmFzZToyMSw2NCwz
MjtfZmxhZzoxMSw5Niw4O19maWxlOjExLDEwNCw4OzsAb3B0aW9uOlQyMj1zMTZu
YW1lOjIzPSoyLDAsMzI7aGFzX2FyZzoxLDMyLDMyO2ZsYWc6MjQ9KjEsNjQsMzI7
dmFsOjEsOTYsMzI7OwBvcHRhcmc6RzI1PSoyAG9wdGluZDpHMQBvcHRlcnI6RzEA
b3B0b3B0OkcxACA6VDI2PWVSRVFVSVJFX09SREVSOjAsUEVSTVVURToxLFJFVFVS
Tl9JTl9PUkRFUjoyLDsAbXlfaW5kZXg6ZjI1AHN0cjpQMjMAY2hyOlAxAGV4Y2hh
bmdlOmYxOQBhcmd2OlAyNz0qMjUAYm90dG9tOnIxAG1pZGRsZTpyMQB0b3A6cjEA
dGVtOnIyNQBsZW46cjEAaTpyMQBsZW46cjEAaTpyMQBfZ2V0b3B0X2luaXRpYWxp
emU6ZjIzAG9wdHN0cmluZzpQMjMAX2dldG9wdF9pbnRlcm5hbDpGMQBhcmdjOlAx
AGFyZ3Y6UDI4PSoyNQBvcHRzdHJpbmc6UDIzAGxvbmdvcHRzOlAyOT0qMjIAbG9u
Z2luZDpQMjQAbG9uZ19vbmx5OlAxAG5hbWVlbmQ6cjI1AHA6cjI5AHBmb3VuZDpy
MjkAZXhhY3Q6cjEAYW1iaWc6cjEAaW5kZm91bmQ6cjEAb3B0aW9uX2luZGV4OnIx
AGM6cjIAdGVtcDpyMjUAZ2V0b3B0OkYxAGFyZ2M6UDEAYXJndjpQMjgAb3B0c3Ry
aW5nOlAyMwBuZXh0Y2hhcjpTMjUAb3JkZXJpbmc6UzI2AHBvc2l4bHlfY29ycmVj
dDpTMjUAZmlyc3Rfbm9ub3B0OlMxAGxhc3Rfbm9ub3B0OlMxAABnZXRvcHQxLmMA
L3Vzci9sb2NhbC9nbnUvcGtnL3RleHR1dGlscy8xLjEzL3NyYy90ZXh0dXRpbHMt
MS4xMy9saWIvAGdldG9wdDEuYwBnY2MyX2NvbXBpbGVkLgBpbnQ6dDE9cjE7LTIx
NDc0ODM2NDg7MjE0NzQ4MzY0NzsAY2hhcjp0Mj1yMjswOzEyNzsAbG9uZyBpbnQ6
dDM9cjE7LTIxNDc0ODM2NDg7MjE0NzQ4MzY0NzsAdW5zaWduZWQgaW50OnQ0PXIx
OzA7LTE7AGxvbmcgdW5zaWduZWQgaW50OnQ1PXIxOzA7LTE7AGxvbmcgbG9uZyBp
bnQ6dDY9cjE7MDEwMDAwMDAwMDAwMDAwMDAwMDAwMDA7MDc3Nzc3Nzc3Nzc3Nzc3
Nzc3Nzc3NzsAbG9uZyBsb25nIHVuc2lnbmVkIGludDp0Nz1yMTswMDAwMDAwMDAw
MDAwOzAxNzc3Nzc3Nzc3Nzc3Nzc3Nzc3Nzc3OwBzaG9ydCBpbnQ6dDg9cjE7LTMy
NzY4OzMyNzY3OwBzaG9ydCB1bnNpZ25lZCBpbnQ6dDk9cjE7MDs2NTUzNTsAc2ln
bmVkIGNoYXI6dDEwPXIxOy0xMjg7MTI3OwB1bnNpZ25lZCBjaGFyOnQxMT1yMTsw
OzI1NTsAZmxvYXQ6dDEyPXIxOzQ7MDsAZG91YmxlOnQxMz1yMTs4OzA7AGxvbmcg
ZG91YmxlOnQxND1yMTsxNjswOwBjb21wbGV4IGludDp0MTU9czhyZWFsOjEsMCwz
MjtpbWFnOjEsMzIsMzI7OwBjb21wbGV4IGZsb2F0OnQxNj1yMTY7NDswOwBjb21w
bGV4IGRvdWJsZTp0MTc9cjE3Ozg7MDsAY29tcGxleCBsb25nIGRvdWJsZTp0MTg9
cjE4OzE2OzA7AHZvaWQ6dDE5PTE5AG9wdGlvbjpUMjA9czE2bmFtZToyMT0qMiww
LDMyO2hhc19hcmc6MSwzMiwzMjtmbGFnOjIyPSoxLDY0LDMyO3ZhbDoxLDk2LDMy
OzsAc2l6ZV90OnQ0AGZwb3NfdDp0MwBGSUxFOnQyMz1zMTZfY250OjEsMCwzMjtf
cHRyOjI0PSoxMSwzMiwzMjtfYmFzZToyNCw2NCwzMjtfZmxhZzoxMSw5Niw4O19m
aWxlOjExLDEwNCw4OzsAZ2V0b3B0X2xvbmc6RjEAYXJnYzpQMQBhcmd2OlAyNT0q
MjY9KjIAb3B0aW9uczpQMjEAbG9uZ19vcHRpb25zOlAyNz0qMjAAb3B0X2luZGV4
OlAyMgBnZXRvcHRfbG9uZ19vbmx5OkYxAGFyZ2M6UDEAYXJndjpQMjUAb3B0aW9u
czpQMjEAbG9uZ19vcHRpb25zOlAyNwBvcHRfaW5kZXg6UDIyAABzYWZlLXJlYWQu
YwAvdXNyL2xvY2FsL2dudS9wa2cvdGV4dHV0aWxzLzEuMTMvc3JjL3RleHR1dGls
cy0xLjEzL2xpYi8Ac2FmZS1yZWFkLmMAZ2NjMl9jb21waWxlZC4AaW50OnQxPXIx
Oy0yMTQ3NDgzNjQ4OzIxNDc0ODM2NDc7AGNoYXI6dDI9cjI7MDsxMjc7AGxvbmcg
aW50OnQzPXIxOy0yMTQ3NDgzNjQ4OzIxNDc0ODM2NDc7AHVuc2lnbmVkIGludDp0
ND1yMTswOy0xOwBsb25nIHVuc2lnbmVkIGludDp0NT1yMTswOy0xOwBsb25nIGxv
bmcgaW50OnQ2PXIxOzAxMDAwMDAwMDAwMDAwMDAwMDAwMDAwOzA3Nzc3Nzc3Nzc3
Nzc3Nzc3Nzc3Nzc7AGxvbmcgbG9uZyB1bnNpZ25lZCBpbnQ6dDc9cjE7MDAwMDAw
MDAwMDAwMDswMTc3Nzc3Nzc3Nzc3Nzc3Nzc3Nzc3NzsAc2hvcnQgaW50OnQ4PXIx
Oy0zMjc2ODszMjc2NzsAc2hvcnQgdW5zaWduZWQgaW50OnQ5PXIxOzA7NjU1MzU7
AHNpZ25lZCBjaGFyOnQxMD1yMTstMTI4OzEyNzsAdW5zaWduZWQgY2hhcjp0MTE9
cjE7MDsyNTU7AGZsb2F0OnQxMj1yMTs0OzA7AGRvdWJsZTp0MTM9cjE7ODswOwBs
b25nIGRvdWJsZTp0MTQ9cjE7MTY7MDsAY29tcGxleCBpbnQ6dDE1PXM4cmVhbDox
LDAsMzI7aW1hZzoxLDMyLDMyOzsAY29tcGxleCBmbG9hdDp0MTY9cjE2OzQ7MDsA
Y29tcGxleCBkb3VibGU6dDE3PXIxNzs4OzA7AGNvbXBsZXggbG9uZyBkb3VibGU6
dDE4PXIxODsxNjswOwB2b2lkOnQxOT0xOQBfcGh5c2Fkcl90OlQyMD1zNHI6MjE9
YXIxOzA7MDsxLDAsMzI7OwBwaHlzYWRyX3Q6dDIyPSoyMABfbGFiZWxfdDpUMjM9
czh2YWw6MjQ9YXIxOzA7MTsxLDAsNjQ7OwBsYWJlbF90OnQyMwBsb2NrX3Q6dDEx
AHVjaGFyX3Q6dDExAHVzaG9ydF90OnQ5AHVpbnRfdDp0NAB1bG9uZ190OnQ1AGNh
ZGRyX3Q6dDI1PSoyAGRhZGRyX3Q6dDMAb2ZmX3Q6dDMAY250X3Q6dDgAcGFkZHJf
dDp0NQB1c2VfdDp0MTEAc3lzaWRfdDp0OABpbmRleF90OnQ4ACA6VDI2PWVCX0ZB
TFNFOjAsQl9UUlVFOjEsOwBib29sZWFuX3Q6dDI2AGxvbmdsb25nX3Q6dDYAdV9s
b25nbG9uZ190OnQ3AG9mZnNldF90OnQ2AGRpc2thZGRyX3Q6dDYAbGxvZmZfdDp0
Mjc9dThfZjo2LDAsNjQ7X3A6Mjg9czhfdTozLDAsMzI7X2w6MywzMiwzMjs7LDAs
NjQ7OwBsbGRhZGRyX3Q6dDI5PXU4X2Y6NiwwLDY0O19wOjMwPXM4X3U6MywwLDMy
O19sOjMsMzIsMzI7OywwLDY0OzsAa19mbHRzZXRfdDp0NQBpZF90OnQzAG1ham9y
X3Q6dDUAbWlub3JfdDp0NQBwcmlfdDp0OABvX21vZGVfdDp0OQBvX2Rldl90OnQ4
AG9fdWlkX3Q6dDkAb19naWRfdDp0OQBvX25saW5rX3Q6dDgAb19waWRfdDp0OABv
X2lub190OnQ5AGtleV90OnQxAG1vZGVfdDp0NQB1aWRfdDp0MwBnaWRfdDp0MwBu
bGlua190OnQ1AGRldl90OnQ1AGlub190OnQ1AHBpZF90OnQzAHNpemVfdDp0NABz
c2l6ZV90OnQxAHRpbWVfdDp0MwBjbG9ja190OnQzAGNsb2NraWRfdDp0MQB0aW1l
cl90OnQxAHVuY2hhcjp0MTEAdXNob3J0OnQ5AHVpbnQ6dDQAdWxvbmc6dDUAaG9z
dGlkX3Q6dDMAdV9jaGFyOnQxMQB1X3Nob3J0OnQ5AHVfaW50OnQ0AHVfbG9uZzp0
NQBfcXVhZDpUMzE9czh2YWw6MzI9YXIxOzA7MTszLDAsNjQ7OwBxdWFkOnQzMQB0
aW1ldmFsOlQzMz1zOHR2X3NlYzozLDAsMzI7dHZfdXNlYzozLDMyLDMyOzsAdGlt
ZXpvbmU6VDM0PXM4dHpfbWludXRlc3dlc3Q6MSwwLDMyO3R6X2RzdHRpbWU6MSwz
MiwzMjs7AGl0aW1lcnZhbDpUMzU9czE2aXRfaW50ZXJ2YWw6MzMsMCw2NDtpdF92
YWx1ZTozMyw2NCw2NDs7AHRpbWVzcGVjOlQzNj1zOHR2X3NlYzozLDAsMzI7dHZf
bnNlYzozLDMyLDMyOzsAdGltZXNwZWNfdDp0MzYAdGltZXN0cnVjX3Q6dDM2AGl0
aW1lcnNwZWM6VDM3PXMxNml0X2ludGVydmFsOjM2LDAsNjQ7aXRfdmFsdWU6MzYs
NjQsNjQ7OwBpdGltZXJzcGVjX3Q6dDM3AGhydGltZV90OnQ2AHRtOlQzOD1zMzZ0
bV9zZWM6MSwwLDMyO3RtX21pbjoxLDMyLDMyO3RtX2hvdXI6MSw2NCwzMjt0bV9t
ZGF5OjEsOTYsMzI7dG1fbW9uOjEsMTI4LDMyO3RtX3llYXI6MSwxNjAsMzI7dG1f
d2RheToxLDE5MiwzMjt0bV95ZGF5OjEsMjI0LDMyO3RtX2lzZHN0OjEsMjU2LDMy
OzsAc2lndmFsOlQzOT11NHNpdmFsX2ludDoxLDAsMzI7c2l2YWxfcHRyOjQwPSox
OSwwLDMyOzsAc2lnZXZlbnQ6VDQxPXMxMnNpZ2V2X25vdGlmeToxLDAsMzI7c2ln
ZXZfc2lnbm86MSwzMiwzMjtzaWdldl92YWx1ZTozOSw2NCwzMjs7AHNpZ2luZm86
VDQyPXMxMjhzaV9zaWdubzoxLDAsMzI7c2lfY29kZToxLDMyLDMyO3NpX2Vycm5v
OjEsNjQsMzI7X2RhdGE6NDM9dTExNl9wYWQ6NDQ9YXIxOzA7Mjg7MSwwLDkyODtf
cHJvYzo0NT1zMTZfcGlkOjMsMCwzMjtfcGRhdGE6NDY9dTEyX2tpbGw6NDc9czhf
dWlkOjMsMCwzMjtfdmFsdWU6MzksMzIsMzI7OywwLDY0O19jbGQ6NDg9czEyX3V0
aW1lOjMsMCwzMjtfc3RhdHVzOjEsMzIsMzI7X3N0aW1lOjMsNjQsMzI7OywwLDk2
OzssMzIsOTY7OywwLDEyODtfZmF1bHQ6NDk9czhfYWRkcjoyNSwwLDMyO190cmFw
bm86MSwzMiwzMjs7LDAsNjQ7X2ZpbGU6NTA9czhfZmQ6MSwwLDMyO19iYW5kOjMs
MzIsMzI7OywwLDY0O19wcm9mOjUxPXMxMTZfZmFkZHI6MjUsMCwzMjtfdHN0YW1w
OjM2LDMyLDY0O19zeXNjYWxsOjgsOTYsMTY7X25zeXNhcmc6MiwxMTIsODtfZmF1
bHQ6MiwxMjAsODtfc3lzYXJnOjUyPWFyMTswOzc7MywxMjgsMjU2O19tc3RhdGU6
NTM9YXIxOzA7MTY7MywzODQsNTQ0OzssMCw5Mjg7Oyw5Niw5Mjg7OwBzaWdpbmZv
X3Q6dDQyAGtfc2lnaW5mbzpUNTQ9czI4c2lfc2lnbm86MSwwLDMyO3NpX2NvZGU6
MSwzMiwzMjtzaV9lcnJubzoxLDY0LDMyO19kYXRhOjU1PXUxNl9wcm9jOjU2PXMx
Nl9waWQ6MywwLDMyO19wZGF0YTo1Nz11MTJfa2lsbDo1OD1zOF91aWQ6MywwLDMy
O192YWx1ZTozOSwzMiwzMjs7LDAsNjQ7X2NsZDo1OT1zMTJfdXRpbWU6MywwLDMy
O19zdGF0dXM6MSwzMiwzMjtfc3RpbWU6Myw2NCwzMjs7LDAsOTY7OywzMiw5Njs7
LDAsMTI4O19mYXVsdDo2MD1zOF9hZGRyOjI1LDAsMzI7X3RyYXBubzoxLDMyLDMy
OzssMCw2NDtfZmlsZTo2MT1zOF9mZDoxLDAsMzI7X2JhbmQ6MywzMiwzMjs7LDAs
NjQ7X3Byb2Y6NjI9czE2X2ZhZGRyOjI1LDAsMzI7X3RzdGFtcDozNiwzMiw2NDtf
c3lzY2FsbDo4LDk2LDE2O19uc3lzYXJnOjIsMTEyLDg7X2ZhdWx0OjIsMTIwLDg7
OywwLDEyODs7LDk2LDEyODs7AGtfc2lnaW5mb190OnQ1NABzaWdxdWV1ZTpUNjM9
czQwc3FfbmV4dDo2ND0qNjMsMCwzMjtzcV9pbmZvOjU0LDMyLDIyNDtzcV9mdW5j
OjY1PSo2Nj1mMTksMjU2LDMyO3NxX2JhY2twdHI6NDAsMjg4LDMyOzsAc2lncXVl
dWVfdDp0NjMAZmRfbWFzazp0MwBmZF9zZXQ6VDY3PXMxMjhmZHNfYml0czo2OD1h
cjE7MDszMTszLDAsMTAyNDs7AGZkX3NldDp0NjcAc2FmZV9yZWFkOkYxAGRlc2M6
UDEAcHRyOlAyNQBsZW46UDEAbl9jaGFyczpyMQAAdmVyc2lvbi5jAC91c3IvbG9j
YWwvZ251L3BrZy90ZXh0dXRpbHMvMS4xMy9zcmMvdGV4dHV0aWxzLTEuMTMvc3Jj
LwB2ZXJzaW9uLmMAZ2NjMl9jb21waWxlZC4AaW50OnQxPXIxOy0yMTQ3NDgzNjQ4
OzIxNDc0ODM2NDc7AGNoYXI6dDI9cjI7MDsxMjc7AGxvbmcgaW50OnQzPXIxOy0y
MTQ3NDgzNjQ4OzIxNDc0ODM2NDc7AHVuc2lnbmVkIGludDp0ND1yMTswOy0xOwBs
b25nIHVuc2lnbmVkIGludDp0NT1yMTswOy0xOwBsb25nIGxvbmcgaW50OnQ2PXIx
OzAxMDAwMDAwMDAwMDAwMDAwMDAwMDAwOzA3Nzc3Nzc3Nzc3Nzc3Nzc3Nzc3Nzc7
AGxvbmcgbG9uZyB1bnNpZ25lZCBpbnQ6dDc9cjE7MDAwMDAwMDAwMDAwMDswMTc3
Nzc3Nzc3Nzc3Nzc3Nzc3Nzc3NzsAc2hvcnQgaW50OnQ4PXIxOy0zMjc2ODszMjc2
NzsAc2hvcnQgdW5zaWduZWQgaW50OnQ5PXIxOzA7NjU1MzU7AHNpZ25lZCBjaGFy
OnQxMD1yMTstMTI4OzEyNzsAdW5zaWduZWQgY2hhcjp0MTE9cjE7MDsyNTU7AGZs
b2F0OnQxMj1yMTs0OzA7AGRvdWJsZTp0MTM9cjE7ODswOwBsb25nIGRvdWJsZTp0
MTQ9cjE7MTY7MDsAY29tcGxleCBpbnQ6dDE1PXM4cmVhbDoxLDAsMzI7aW1hZzox
LDMyLDMyOzsAY29tcGxleCBmbG9hdDp0MTY9cjE2OzQ7MDsAY29tcGxleCBkb3Vi
bGU6dDE3PXIxNzs4OzA7AGNvbXBsZXggbG9uZyBkb3VibGU6dDE4PXIxODsxNjsw
OwB2b2lkOnQxOT0xOQB2ZXJzaW9uX3N0cmluZzpHMjA9KjIAAGxpYmdjYzIuYwAv
dXNyL2xvY2FsL2dudS9wa2cvZ2NjL3NyYy9nY2MtMi42LjMvAC4vbGliZ2NjMi5j
AGdjYzJfY29tcGlsZWQuAGludDp0MT1yMTstMjE0NzQ4MzY0ODsyMTQ3NDgzNjQ3
OwBjaGFyOnQyPXIyOzA7MTI3OwBsb25nIGludDp0Mz1yMTstMjE0NzQ4MzY0ODsy
MTQ3NDgzNjQ3OwB1bnNpZ25lZCBpbnQ6dDQ9cjE7MDstMTsAbG9uZyB1bnNpZ25l
ZCBpbnQ6dDU9cjE7MDstMTsAbG9uZyBsb25nIGludDp0Nj1yMTswMTAwMDAwMDAw
MDAwMDAwMDAwMDAwMDswNzc3Nzc3Nzc3Nzc3Nzc3Nzc3Nzc3OwBsb25nIGxvbmcg
dW5zaWduZWQgaW50OnQ3PXIxOzAwMDAwMDAwMDAwMDA7MDE3Nzc3Nzc3Nzc3Nzc3
Nzc3Nzc3Nzc7AHNob3J0IGludDp0OD1yMTstMzI3Njg7MzI3Njc7AHNob3J0IHVu
c2lnbmVkIGludDp0OT1yMTswOzY1NTM1OwBzaWduZWQgY2hhcjp0MTA9cjE7LTEy
ODsxMjc7AHVuc2lnbmVkIGNoYXI6dDExPXIxOzA7MjU1OwBmbG9hdDp0MTI9cjE7
NDswOwBkb3VibGU6dDEzPXIxOzg7MDsAbG9uZyBkb3VibGU6dDE0PXIxOzE2OzA7
AGNvbXBsZXggaW50OnQxNT1zOHJlYWw6MSwwLDMyO2ltYWc6MSwzMiwzMjs7AGNv
bXBsZXggZmxvYXQ6dDE2PXIxNjs0OzA7AGNvbXBsZXggZG91YmxlOnQxNz1yMTc7
ODswOwBjb21wbGV4IGxvbmcgZG91YmxlOnQxOD1yMTg7MTY7MDsAdm9pZDp0MTk9
MTkAYXJjaF90eXBlOlQyMD1lQVJDSF8zMkJJVDowLEFSQ0hfNjRCSVQ6MSw7AHJl
Z19jbGFzczpUMjE9ZU5PX1JFR1M6MCxHRU5FUkFMX1JFR1M6MSxGUF9SRUdTOjIs
QUxMX1JFR1M6MyxMSU1fUkVHX0NMQVNTRVM6NCw7AG1hY2hpbmVfbW9kZTpUMjI9
ZVZPSURtb2RlOjAsUUltb2RlOjEsSEltb2RlOjIsUFNJbW9kZTozLFNJbW9kZTo0
LFBESW1vZGU6NSxESW1vZGU6NixUSW1vZGU6NyxPSW1vZGU6OCxRRm1vZGU6OSxI
Rm1vZGU6MTAsVFFGbW9kZToxMSxTRm1vZGU6MTIsREZtb2RlOjEzLFhGbW9kZTox
NCxURm1vZGU6MTUsU0Ntb2RlOjE2LERDbW9kZToxNyxYQ21vZGU6MTgsVENtb2Rl
OjE5LENRSW1vZGU6MjAsQ0hJbW9kZToyMSxDU0ltb2RlOjIyLENESW1vZGU6MjMs
Q1RJbW9kZToyNCxDT0ltb2RlOjI1LEJMS21vZGU6MjYsQ0Ntb2RlOjI3LENDWG1v
ZGU6MjgsQ0NfTk9PVm1vZGU6MjksQ0NYX05PT1Ztb2RlOjMwLENDRlBtb2RlOjMx
LENDRlBFbW9kZTozMixNQVhfTUFDSElORV9NT0RFOjMzLDsAbW9kZV9jbGFzczpU
MjM9ZU1PREVfUkFORE9NOjAsTU9ERV9JTlQ6MSxNT0RFX0ZMT0FUOjIsTU9ERV9Q
QVJUSUFMX0lOVDozLE1PREVfQ0M6NCxNT0RFX0NPTVBMRVhfSU5UOjUsTU9ERV9D
T01QTEVYX0ZMT0FUOjYsTUFYX01PREVfQ0xBU1M6Nyw7AHB0cmRpZmZfdDp0MQBz
aXplX3Q6dDQAd2NoYXJfdDp0MwBVUUl0eXBlOnQxMQBTSXR5cGU6dDEAVVNJdHlw
ZTp0NABESXR5cGU6dDYAVURJdHlwZTp0NwBTRnR5cGU6dDEyAERGdHlwZTp0MTMA
VEZ0eXBlOnQxNAB3b3JkX3R5cGU6dDEARElzdHJ1Y3Q6VDI0PXM4aGlnaDoxLDAs
MzI7bG93OjEsMzIsMzI7OwBESXVuaW9uOnQyNT11OHM6MjQsMCw2NDtsbDo2LDAs
NjQ7OwBmdW5jX3B0cjp0MjY9KjI3PWYxOQBfX2RvX2dsb2JhbF9kdG9yczpGMTkA
AAAAAAAAAAAAAAAAAAAAAAAAAAAAAAAAAAAAAAAAAAAAAAAAAAAAAAAAAAEAAAAB
AAAAAgABANQAAADUAAAAEQAAAAAAAAAAAAAAAQAAAAAAAAAJAAAABQAAAAIAAQDo
AAAA6AAAAlwAAAADAAAAAAAAAAQAAAAEAAAADwAAAAsAAAACAAEDRAAAA0QAAAUg
AAAABAAAABoAAAAEAAAAEAAAABcAAAADAAAAAgABCGQAAAhkAAACKgAAAAAAAAAA
AAAAAQAAAAAAAAAfAAAABAAAAAIAAQqQAAAKkAAAABgAAAADAAAAEQAAAAQAAAAM
AAAAKQAAAAQAAAACAAEKqAAACqgAAADwAAAAAwAAAA8AAAAEAAAADAAAADMAAAAB
AAAABgABC5gAAAuYAAATzAAAAAAAAAAAAAAABAAAAAAAAAA5AAAAAQAAAAYAAR9k
AAAfZAAAAJwAAAAAAAAAAAAAAAQAAAAAAAAAPwAAAAEAAAAGAAEgAAAAIAAAAAAM
AAAAAAAAAAAAAAAEAAAAAAAAAEUAAAABAAAABgABIAwAACAMAAAACAAAAAAAAAAA
AAAABAAAAAAAAABMAAAAAQAAAAYAASAUAAAgFAAAAAgAAAAAAAAAAAAAAAQAAAAA
AAAAUwAAAAEAAAACAAEgIAAAICAAAAPjAAAAAAAAAAAAAAAIAAAAAAAAAFsAAAAB
AAAAAwACJAQAACQEAAAABAAAAAAAAAAAAAAABAAAAAQAAABgAAAABgAAAAMAAiQI
AAAkCAAAAIgAAAAEAAAAAAAAAAQAAAAIAAAAaQAAAAEAAAAHAAIkkAAAJJAAAAEk
AAAAAAAAAAAAAAAEAAAADAAAAG4AAAABAAAAAwACJbQAACW0AAAAGAAAAAAAAAAA
AAAABAAAAAAAAAB0AAAACAAAAAMAAiXQAAAl0AAAAXAAAAAAAAAAAAAAAAgAAAAA
AAAAeQAAAAIAAAAAAAAAAAAAJdAAAAdAAAAAEwAAADwAAAAEAAAAEAAAAIEAAAAD
AAAAAAAAAAAAAC0QAAADrAAAAAAAAAAAAAAAAQAAAAAAAACJAAAAAQAAAAAAAAAA
AAAwvAAAAEgAAAAYAAAAAAAAAAQAAAAMAAAAlQAAAAEAAAAAAAAAAAAAMQQAAAHZ
AAAAAAAAAAAAAAABAAAAAAAAAJ4AAAABAAAAAAAAAAAAADLgAAAkzAAAABkAAAAA
AAAABAAAAAwAAACkAAAAAwAAAAAAAAAAAABXrAAAAMYAAAAAAAAAAAAAAAEAAAAA
AAAArgAAAAMAAAAAAAAAAAAAWHIAAACiAAAAAAAAAAAAAAABAAAAAAAAAL0AAAAD
AAAAAAAAAAAAAFkUAAA4PAAAAAAAAAAAAAAAAQAAAAA=